
Allocating common symbols
Common symbol       size              file

clflush_size        0x4               output.o
sReaderContext      0x60              output.o
sigx_app            0x8               output.o
d                   0x8               output.o
c                   0x8               output.o
a                   0x8               output.o
b                   0x8               output.o
num_dom             0x4               output.o
mszReaders          0x400             output.o
zero_page_pool      0x400             output.o
prohibit_iccard_init
                    0x4               output.o
curthread           0x8               output.o
sig_app             0x8               output.o
readerState         0x64              output.o
dom_io              0x800             output.o
acpi_dsdt_system_state
                    0x1e              output.o
ehci_host           0x8               output.o
num_of_processors   0x4               output.o
e801_fake_bx        0x2               output.o
iommu_detected      0x1               output.o
dwReaders           0x8               output.o
readerTracker       0x140             output.o
handler_descriptor_lock
                    0x1               output.o
e801_fake_ax        0x2               output.o

Discarded input sections

 .gomi          0x0000000000000000        0xe output.o

Memory Configuration

Name             Origin             Length             Attributes
*default*        0x0000000000000000 0xffffffffffffffff

Linker script and memory map

                0x0000000040100000                virt = 0x40100000
                0x0000000000100000                phys = 0x100000
                0x0000000040100000                . = virt
                0x0000000040100000                head = .
                0x00000000401000b0                . = (virt + SIZEOF_HEADERS)

.text           0x0000000040101000   0x1153d7 load address 0x0000000000101000
                0x0000000040101000                code = .
 *(.entry)
 .entry         0x0000000040101000     0x6000 output.o
                0x000000004010100c                entry
                0x000000004010109a                cpuinit_start
                0x00000000401012c8                vmm_base_cr3
                0x00000000401012e0                apinit_procs
                0x00000000401012e8                apinit_lock
                0x00000000401012f0                cpuinit_end
                0x0000000040103000                entry_pdp
                0x0000000040104000                entry_pd0
                0x0000000040105000                entry_pd
 *(.text)
 .text          0x0000000040107000   0x10f3d7 output.o
                0x000000004010766c                acpi_smi_hook
                0x00000000401076ba                acpi_iohook
                0x000000004010770c                acpi_reset
                0x0000000040107808                acpi_poweroff
                0x0000000040107841                get_acpi_time_raw
                0x000000004010c811                acpi_dsdt_parse
                0x000000004010ccea                apinitproc0
                0x000000004010cd13                apic_available
                0x000000004010cd3f                ap_start_addr
                0x000000004010cf82                panic_wakeup_all
                0x000000004010d006                disable_apic
                0x000000004010d07d                sync_all_processors
                0x000000004010d10d                start_all_processors
                0x000000004010d14c                assertion_failed
                0x000000004010d185                beep_set_freq
                0x000000004010d1b6                beep_on
                0x000000004010d1c6                beep_off
                0x000000004010d80d                update_mtrr_and_pat
                0x000000004010da52                cache_get_gpat
                0x000000004010daa8                cache_set_gpat
                0x000000004010daf2                cache_get_attr
                0x000000004010db98                cache_get_gmtrr_type
                0x000000004010dba3                cache_get_gmtrr_attr
                0x000000004010dbb6                cache_get_gmtrrcap
                0x000000004010dbe4                cache_get_gmtrr
                0x000000004010dd3d                cache_set_gmtrr
                0x000000004010dd97                cache_get_gmsr_amd
                0x000000004010dde7                cache_set_gmsr_amd
                0x000000004010e22b                callrealmode_endofcodeaddr
                0x000000004010e23c                callrealmode_usevcpu
                0x000000004010e249                callrealmode_printmsg
                0x000000004010e266                callrealmode_getsysmemmap
                0x000000004010e2bd                callrealmode_getshiftflags
                0x000000004010e2db                callrealmode_setvideomode
                0x000000004010e2f9                callrealmode_reboot
                0x000000004010e313                callrealmode_tcgbios
                0x000000004010e3a7                callrealmode_disk_readmbr
                0x000000004010e3e7                callrealmode_disk_readlba
                0x000000004010e42f                callrealmode_bootcd_getstatus
                0x000000004010e484                callrealmode_setcursorpos
                0x000000004010e4a9                callrealmode_startkernel32
                0x000000004010e4c9                callrealmode_getfontinfo
                0x000000004010e539                get_cpu_id
                0x000000004010e54d                cpu_emul_cpuid
                0x000000004010e601                cpu_emul_rdmsr
                0x000000004010e67a                cpu_emul_wrmsr
                0x000000004010e703                cpu_emul_hlt
                0x000000004010e71b                cpu_emul_cli
                0x000000004010e754                cpu_emul_sti
                0x000000004010e79b                cpu_emul_realmode_int
                0x000000004010e8fd                cpu_emul_xsetbv
                0x0000000040111118                cpu_interpreter
                0x0000000040113440                cpu_mmu_get_pte
                0x0000000040113bd5                write_linearaddr_ok_b
                0x0000000040113bf7                write_linearaddr_ok_w
                0x0000000040113c02                write_linearaddr_ok_l
                0x0000000040113c0d                write_linearaddr_b
                0x0000000040113c7b                write_linearaddr_w
                0x0000000040113d13                write_linearaddr_l
                0x0000000040113da9                write_linearaddr_q
                0x0000000040113e3d                read_linearaddr_b
                0x0000000040113eaa                read_linearaddr_w
                0x0000000040113f3b                read_linearaddr_l
                0x0000000040113fcc                read_linearaddr_q
                0x000000004011405d                read_linearaddr_tss
                0x00000000401140f0                write_linearaddr_tss
                0x000000004011804f                cpu_mmu_spt_tlbflush
                0x000000004011808a                cpu_mmu_spt_updatecr3
                0x000000004011832a                cpu_mmu_spt_invalidate
                0x00000000401183b2                cpu_mmu_spt_pagefault
                0x00000000401185a9                cpu_mmu_spt_extern_mapsearch
                0x00000000401186e8                cpu_mmu_spt_map_1mb
                0x000000004011889c                cpu_mmu_spt_clear_all
                0x00000000401189fd                cpu_mmu_spt_init
                0x0000000040119011                cpu_seg_read_b
                0x000000004011907e                cpu_seg_read_w
                0x00000000401190eb                cpu_seg_read_l
                0x0000000040119158                cpu_seg_read_q
                0x00000000401191c5                cpu_seg_write_b
                0x0000000040119233                cpu_seg_write_w
                0x00000000401192a1                cpu_seg_write_l
                0x000000004011930e                cpu_seg_write_q
                0x000000004011937b                cpu_stack_get
                0x00000000401193e5                cpu_stack_set
                0x000000004011947a                cpu_stack_push
                0x0000000040119526                cpu_stack_pop
                0x0000000040119611                call_cpuid
                0x00000000401199ca                debug_addstr
                0x00000000401199d0                debug_gdb
                0x00000000401199d6                debug_iohook
                0x00000000401199dc                debug_msgregister
                0x0000000040119a0c                debug_msgunregister
                0x0000000040119aa9                do_exint_pass
                0x0000000040119b47                read_gphys_b
                0x0000000040119bb9                write_gphys_b
                0x0000000040119c3c                read_gphys_w
                0x0000000040119cd9                write_gphys_w
                0x0000000040119d8a                read_gphys_l
                0x0000000040119e27                write_gphys_l
                0x0000000040119edb                read_gphys_q
                0x0000000040119f78                write_gphys_q
                0x000000004011a029                cmpxchg_gphys_l
                0x000000004011a0e7                cmpxchg_gphys_q
                0x000000004011a1a5                gmm_pass_gp2hp
                0x000000004011a66f                idman_reinit_session
                0x000000004011a6ea                idman_reinit2
                0x000000004011a70b                get_idman_session
                0x000000004011a74b                call_initfunc
                0x000000004011a7b0                initfunc_init
                0x000000004011c325                int_fatal
                0x000000004011c684                callfunc_and_getint
                0x000000004011c698                do_externalint_enable
                0x000000004011c6ad                set_int_handler
                0x000000004011c6cc                int_exceptionHandler
                0x000000004011c6d7                int_init_ap
                0x000000004011c72d                do_io_nothing
                0x000000004011c768                set_iofunc
                0x000000004011c80a                call_io
                0x000000004011c8f0                do_iopass_default
                0x000000004011cad6                keyboard_reset
                0x000000004011cb1b                setkbdled
                0x000000004011cb6c                keyboard_flush
                0x000000004011cb86                load_bootsector
                0x000000004011cf41                copy_bootsector
                0x000000004011d1f0                localapic_wait_for_sipi
                0x000000004011d27d                localapic_change_base_msr
                0x000000004011d2c9                localapic_mmio_register
                0x000000004011dc94                resume_vm
                0x000000004011dd4e                vmm_main
                0x000000004011e0d4                getsysmemmap
                0x000000004011e15b                getfakesysmemmap
                0x000000004011e1cd                phys_to_virt
                0x000000004011e1e3                vmm_start_inf
                0x000000004011e1ef                vmm_term_inf
                0x000000004011e200                num_of_available_pages
                0x000000004011e273                alloc_pages
                0x000000004011e2e9                alloc_page
                0x000000004011e2f9                alloc
                0x000000004011e591                alloc2
                0x000000004011e5c9                free
                0x000000004011e6dc                realloc
                0x000000004011e828                free_page
                0x000000004011e83b                free_page_phys
                0x000000004011e85e                mempool_new
                0x000000004011e8cc                mempool_free
                0x000000004011e97d                mempool_allocmem
                0x000000004011eb62                mempool_freemem
                0x000000004011ee1e                sym_to_phys
                0x000000004011ee32                phys_in_vmm
                0x000000004011ee4e                mm_force_unlock
                0x000000004011ee80                mm_process_alloc
                0x000000004011f050                mm_process_free
                0x000000004011f0ad                mm_process_switch
                0x000000004011f0cb                pmap_open_vmm
                0x000000004011f0f6                pmap_open_guest
                0x000000004011f138                pmap_close
                0x000000004011f13e                pmap_getreadlevel
                0x000000004011f14a                pmap_setlevel
                0x000000004011f156                pmap_seek
                0x000000004011f1c6                pmap_read
                0x000000004011f454                pmap_write
                0x000000004011f5ec                mm_process_unmap
                0x000000004011f6d9                mm_process_unmap_stack
                0x000000004011f8b4                mm_process_unmapall
                0x000000004011f95b                pmap_pointer
                0x000000004011f9c6                pmap_clear
                0x000000004011fabc                pmap_autoalloc
                0x000000004011fc69                mm_process_map_alloc
                0x000000004011fdac                mm_process_map_shared_physpage
                0x000000004011fe16                mm_process_map_shared
                0x0000000040120074                mm_process_map_stack
                0x000000004012091e                pmap_dump
                0x0000000040120a36                unmapmem
                0x0000000040120b17                mapmem
                0x000000004012105e                read_hphys_b
                0x00000000401210b3                write_hphys_b
                0x00000000401210e5                read_hphys_w
                0x000000004012111c                write_hphys_w
                0x000000004012114f                read_hphys_l
                0x0000000040121184                write_hphys_l
                0x00000000401211b6                read_hphys_q
                0x00000000401211ed                write_hphys_q
                0x0000000040121221                cmpxchg_hphys_l
                0x0000000040121275                cmpxchg_hphys_q
                0x00000000401212c9                alloc_realmodemem
                0x000000004012136a                mapmem_hphys
                0x0000000040121382                mapmem_gphys
                0x000000004012139a                mm_flush_wb_cache
                0x0000000040121744                mmio_access_memory
                0x00000000401218a2                mmio_access_page
                0x000000004012195e                mmio_register
                0x0000000040121bad                mmio_unregister
                0x0000000040121c34                mmio_lock
                0x0000000040121c4f                mmio_unlock
                0x0000000040121cef                msg_findname
                0x0000000040121d5f                msg_register
                0x0000000040121e2e                msg_unregister
                0x0000000040121ea9                msg_unregisterall
                0x0000000040121f34                msg_unregister2
                0x0000000040122001                call_read_msr
                0x0000000040122015                call_write_msr
                0x00000000401222b1                load_minios
                0x00000000401225e2                backtrace
                0x0000000040122f38                panic
                0x000000004012343d                auto_reboot
                0x000000004012345a                panic_test
                0x000000004012347d                pcpu_list_foreach
                0x00000000401234bc                pcpu_list_add
                0x0000000040123510                pcpu_init
                0x000000004012409a                vprintf
                0x00000000401240d5                printf
                0x0000000040124113                vsnprintf
                0x0000000040124157                snprintf
                0x0000000040124393                sys_msgsetfunc
                0x0000000040124440                sys_msgclose
                0x000000004012445d                sys_msgret
                0x0000000040124549                sys_msgregister
                0x000000004012477a                sys_msgsenddesc
                0x0000000040124f8c                sys_msgsendint
                0x00000000401252bc                sys_newprocess
                0x000000004012531d                sys_msgunregister
                0x00000000401253a9                sys_exitprocess
                0x00000000401253fe                sys_msgsendbuf
                0x0000000040125559                sys_msgopen
                0x00000000401255ba                process_kill
                0x000000004012561b                msgsetfunc
                0x0000000040125630                msgregister
                0x0000000040125646                msgopen
                0x0000000040125659                msgclose
                0x000000004012566b                msgsendint
                0x000000004012567f                msgsenddesc
                0x0000000040125693                newprocess
                0x00000000401256a6                msgsendbuf
                0x00000000401256c0                msgunregister
                0x00000000401256f0                exitprocess
                0x0000000040125703                msgpremapbuf
                0x000000004012581f                process_syscall
                0x00000000401258ca                putchar
                0x0000000040125908                putchar_set_func
                0x0000000040125bda                do_panic_reboot
                0x0000000040125c64                handle_init_to_bsp
                0x0000000040125c85                reboot_test
                0x0000000040125cb4                savemsr_save
                0x0000000040125d21                savemsr_load
                0x0000000040126089                get_seg_base
                0x0000000040126145                get_seg_access_rights
                0x0000000040126165                segment_wakeup
                0x00000000401261a7                segment_init_ap
                0x0000000040126446                serial_putDebugChar
                0x0000000040126458                serial_getDebugChar
                0x000000004012646d                serial_putchar
                0x00000000401264cf                serial_init_iohook
                0x0000000040126515                waitcycles
                0x0000000040126538                usleep
                0x0000000040126657                sleep_set_timer_counter
                0x00000000401267be                vmctl_svm_init
                0x0000000040126866                message_exitcode
                0x0000000040126de9                printexitcode
                0x0000000040126e16                svm_available
                0x0000000040126ec7                svm_reset
                0x0000000040127144                svm_vminit
                0x00000000401274ee                svm_vmexit
                0x00000000401274f4                svm_init
                0x000000004012763b                svm_enable_resume
                0x0000000040127740                svm_resume
                0x0000000040127892                svm_ioio
                0x000000004012799c                svm_extern_iopass
                0x0000000040127b04                svm_init_signal
                0x0000000040127b27                svm_start_vm
                0x0000000040128640                svm_msr_update_lma
                0x00000000401286b5                svm_read_msr
                0x000000004012895a                svm_write_msr
                0x0000000040128ecd                svm_np_init
                0x0000000040128fc1                svm_np_pagefault
                0x0000000040128ff9                svm_np_tlbflush
                0x0000000040128fff                svm_np_updatecr3
                0x000000004012900a                svm_np_clear_all
                0x000000004012909d                svm_np_extern_mapsearch
                0x0000000040129126                svm_np_map_1mb
                0x0000000040129180                svm_paging_extern_flush_tlb_entry
                0x00000000401291a7                svm_paging_map_1mb
                0x00000000401291d1                svm_paging_flush_guest_tlb
                0x0000000040129210                svm_paging_init
                0x000000004012932e                svm_paging_pagefault
                0x000000004012935a                svm_paging_tlbflush
                0x0000000040129381                svm_paging_invalidate
                0x00000000401293af                svm_paging_npf
                0x00000000401293db                svm_paging_updatecr3
                0x0000000040129407                svm_paging_spt_setcr3
                0x000000004012943b                svm_paging_clear_all
                0x0000000040129467                svm_paging_get_gpat
                0x0000000040129472                svm_paging_set_gpat
                0x00000000401294b3                svm_paging_apply_fixed_cr0
                0x00000000401294d6                svm_paging_apply_fixed_cr4
                0x00000000401294fa                svm_paging_pg_change
                0x0000000040129500                svm_paging_start
                0x0000000040129512                svm_panic_dump
                0x00000000401295e0                svm_read_general_reg
                0x000000004012971c                svm_write_general_reg
                0x0000000040129828                svm_read_control_reg
                0x00000000401298c3                svm_write_control_reg
                0x000000004012999f                svm_read_sreg_sel
                0x0000000040129a60                svm_read_sreg_acr
                0x0000000040129b3b                svm_read_sreg_base
                0x0000000040129c57                svm_read_sreg_limit
                0x0000000040129d68                svm_read_ip
                0x0000000040129d87                svm_write_ip
                0x0000000040129dad                svm_read_flags
                0x0000000040129dcc                svm_write_flags
                0x0000000040129de8                svm_read_gdtr
                0x0000000040129e1f                svm_write_gdtr
                0x0000000040129e48                svm_read_idtr
                0x0000000040129e7f                svm_write_idtr
                0x0000000040129ea8                svm_write_realmode_seg
                0x0000000040129fe7                svm_writing_sreg
                0x000000004012a0fe                int1a_TCG_StatusCheck
                0x000000004012a1b1                int1a_TCG_HashLogExtendEvent
                0x000000004012a23c                int1a_TCG_PassThroughToTPM
                0x000000004012a2c7                int1a_TCG_HashLogEvent
                0x000000004012a348                int1a_TCG_HashAll
                0x000000004012a400                int1a_TCG_TSS
                0x000000004012a48b                int1a_TCG_CompactHashLogExtendEvent
                0x000000004012a4ec                tcg_measure
                0x000000004012a7e5                thread_gettid
                0x000000004012a7fa                schedule
                0x000000004012aa40                thread_new
                0x000000004012ab6d                thread_wakeup
                0x000000004012ac52                thread_will_stop
                0x000000004012acca                thread_exit
                0x000000004012ad6e                thread_start1
                0x000000004012ad8c                thread_set_process_switch
                0x000000004012af34                get_cpu_time
                0x000000004012b007                get_acpi_time
                0x000000004012b0b8                get_time
                0x000000004012b295                timer_new
                0x000000004012b316                timer_set
                0x000000004012b40c                timer_free
                0x000000004012b5fe                tty_putchar
                0x000000004012b788                ttylog_stop
                0x000000004012b798                tty_udp_register
                0x000000004012b7dc                tty_init_iohook
                0x000000004012b803                vcpu_list_foreach
                0x000000004012b842                load_new_vcpu
                0x000000004012b904                vga_register
                0x000000004012b978                vga_is_ready
                0x000000004012b9d8                vga_transfer_image
                0x000000004012ba26                vga_fill_rect
                0x000000004012ba61                vga_get_screen_size
                0x000000004012bb85                vmmcall
                0x000000004012bbde                vmmcall_register
                0x000000004012bc1b                vmmcall_init
                0x000000004012bfc5                vmmcall_boot_continue
                0x000000004012c010                vmmcall_boot_enable
                0x000000004012c897                register_status_callback
                0x000000004012c98c                vramwrite_clearscreen
                0x000000004012c9ee                vramwrite_putchar
                0x000000004012cbc5                vramwrite_mark1
                0x000000004012cc06                vramwrite_mark2
                0x000000004012cc4e                vramwrite_mark3
                0x000000004012cc97                vramwrite_save_and_move_cursor
                0x000000004012ccce                vramwrite_restore_cursor
                0x000000004012cce0                vramwrite_get_cursor_pos
                0x000000004012cd2e                vramwrite_init_global
                0x000000004012cd3b                vramwrite_exit_global
                0x000000004012cdee                vt_generate_pagefault
                0x000000004012ce77                vt_generate_external_int
                0x000000004012cec9                vmctl_vt_init
                0x000000004012cf71                vt_vmptrld
                0x000000004012d282                vt_ept_init
                0x000000004012d37e                vt_ept_violation
                0x000000004012d6ee                vt_ept_tlbflush
                0x000000004012d6f4                vt_ept_updatecr3
                0x000000004012d7e6                vt_ept_clear_all
                0x000000004012d879                vt_ept_extern_mapsearch
                0x000000004012d902                vt_ept_map_1mb
                0x000000004012d954                message_exitreason
                0x000000004012daba                printexitreason
                0x000000004012e34c                vt_available
                0x000000004012e3eb                vt__vmx_init
                0x000000004012e433                vt__vmxon
                0x000000004012e4e0                vt_vminit
                0x000000004012e53c                vt_vmexit
                0x000000004012e556                vt_init
                0x000000004012e566                vt_enable_resume
                0x000000004012e69f                vt_resume
                0x000000004012e835                vt_io
                0x000000004012e956                vt_iopass_init
                0x000000004012eaeb                vt_iopass
                0x000000004012eb2e                vt_extern_iopass
                0x000000004012f75e                vt_update_exception_bmp
                0x000000004012fd29                vt_init_signal
                0x000000004012fd34                vt_start_vm
                0x000000004013010a                vt_add_guest_msr
                0x0000000040130262                vt_read_guest_msr
                0x0000000040130295                vt_write_guest_msr
                0x00000000401302c5                vt_msr_update_lma
                0x000000004013039d                vt_read_msr
                0x0000000040130643                vt_write_msr
                0x0000000040130901                vt_msr_init
                0x0000000040130b03                vt_paging_extern_flush_tlb_entry
                0x0000000040130b67                vt_paging_map_1mb
                0x0000000040130b87                vt_paging_flush_guest_tlb
                0x0000000040130be7                vt_paging_pagefault
                0x0000000040130c1c                vt_paging_tlbflush
                0x0000000040130c39                vt_paging_invalidate
                0x0000000040130c6c                vt_paging_npf
                0x0000000040130ca1                vt_paging_updatecr3
                0x0000000040130cd1                vt_paging_spt_setcr3
                0x0000000040130cfc                vt_paging_clear_all
                0x0000000040130d2f                vt_paging_get_gpat
                0x0000000040130d3a                vt_paging_set_gpat
                0x0000000040130d8e                vt_paging_apply_fixed_cr0
                0x0000000040130df6                vt_paging_apply_fixed_cr4
                0x0000000040130e3e                vt_paging_pg_change
                0x0000000040130fbe                vt_paging_init
                0x0000000040131039                vt_paging_start
                0x0000000040131066                vt_panic_dump
                0x0000000040131210                vt_read_general_reg
                0x0000000040131331                vt_write_general_reg
                0x0000000040131425                vt_read_control_reg
                0x0000000040131493                vt_read_sreg_sel
                0x000000004013159c                vt_read_sreg_acr
                0x00000000401315f3                vt_read_sreg_base
                0x0000000040131675                vt_read_sreg_limit
                0x00000000401316f2                vt_read_ip
                0x0000000040131700                vt_write_ip
                0x0000000040131720                vt_read_flags
                0x0000000040131746                vt_write_flags
                0x0000000040131771                vt_read_gdtr
                0x0000000040131786                vt_write_gdtr
                0x000000004013179b                vt_read_idtr
                0x00000000401317df                vt_write_idtr
                0x0000000040131815                vt_write_control_reg
                0x0000000040131ce8                vt_get_current_regs_in_vmcs
                0x0000000040131f73                vt_get_vmcs_regs_in_vmcs
                0x00000000401320f0                vt_write_realmode_seg
                0x0000000040132239                vt_writing_sreg
                0x00000000401322c2                vt_reset
                0x00000000401325a0                prepare_for_sleep
                0x0000000040132661                cancel_sleep
                0x0000000040132683                wakeup_main
                0x000000004013270b                wakeup_cont
                0x0000000040132840                wakeup_init
                0x0000000040132889                call_xsetbv
                0x0000000040132900                mpumul_64_64
                0x0000000040132920                mpudiv_128_32
                0x0000000040132940                ipchecksum
                0x00000000401329d0                asm_vmlaunch_regs_32
                0x0000000040132a50                asm_vmresume_regs_32
                0x0000000040132ad0                asm_vmrun_regs_32
                0x0000000040132b30                asm_vmlaunch_regs_64
                0x0000000040132c10                asm_vmresume_regs_64
                0x0000000040132cf0                asm_vmrun_regs_64
                0x0000000040132d91                callrealmode_start
                0x0000000040132da7                callrealmode_start2
                0x0000000040133233                move_vmm_area32
                0x0000000040133233                callrealmode_end
                0x0000000040133258                move_vmm_area64
                0x0000000040133280                int_handler
                0x00000000401332f8                int_callfunc
                0x0000000040134000                syscall_entry_sysexit
                0x000000004013402c                syscall_entry_lret
                0x000000004013405c                ret_to_user32
                0x0000000040134068                syscall_entry_sysret64
                0x00000000401340b0                ret_to_user64
                0x0000000040135000                processuser_sysenter
                0x0000000040136000                processuser_no_sysenter
                0x0000000040137000                processuser_syscall
                0x0000000040138140                memset
                0x00000000401381c0                memcpy
                0x0000000040138200                strcmp
                0x0000000040138240                memcmp
                0x0000000040138280                strlen
                0x0000000040138298                sx_handler
                0x00000000401382f0                thread_switch
                0x0000000040138310                thread_start0
                0x000000004013834a                get_guest_cr3_value
                0x0000000040138358                get_guest_eptp_value
                0x0000000040138366                monitor_vmcs_read
                0x000000004013836f                monitor_vmcs_write
                0x0000000040138378                hypercall_handler
                0x00000000401383d1                interrupt_handler
                0x00000000401384a1                get_page_table_base_GPA
                0x00000000401384b7                get_ept_base_HPA
                0x00000000401384cd                traverseGuestPages
                0x00000000401384d8                saveSystemCallHandlerAddress
                0x0000000040138524                closeSystemCallHandler
                0x0000000040138573                openSystemCallHandler
                0x00000000401385c2                getSystemCallHandlerGPA
                0x00000000401385cf                save_guest_status
                0x0000000040138949                clear_guest_status
                0x0000000040138c37                restore_guest_status
                0x0000000040138f51                getTSSGVA
                0x0000000040138f61                getGuestRSP
                0x0000000040138f86                allocateNewVMID
                0x0000000040138f9c                allocateNewAppID
                0x0000000040138fb4                allocateNewApplicationIdentifiers
                0x0000000040138fde                protectCurrentApplication
                0x0000000040139020                getMemoryOwnershipTableIndex
                0x000000004013902d                remapPage
                0x0000000040139077                changePageStatus
                0x00000000401391ae                closePage
                0x000000004013929a                openPage
                0x000000004013933b                getMemoryOwnershipTableEntry
                0x0000000040139373                initializeNewProtectedApplication
                0x000000004013939c                getCurrentProtectedApplication
                0x0000000040139424                findProtectedApplicationFromRIP
                0x00000000401394e6                setCurrentProtectedApplication
                0x00000000401394f3                traverseIA32ePages
                0x000000004013983b                traverseIA32ePDPT
                0x0000000040139ac4                traverseIA32ePDT
                0x0000000040139c98                traverseIA32ePT
                0x0000000040139dc5                gvaToGPA
                0x000000004013a053                mapHPAintoHVA
                0x000000004013a063                gpaToHPA
                0x000000004013a25e                unmapHPAintoHVA
                0x000000004013a269                monitor_memset
                0x000000004013a283                virt_to_phys
                0x000000004013a290                test_gpaToHPA
                0x000000004013a2d9                test_start
                0x000000004013a337                test_traverseGuestPages
                0x000000004013a377                test_logicalCPUStatus
                0x000000004013a39e                restore_register
                0x000000004013a44b                handleSystemCall
                0x000000004013a471                initPagePool
                0x000000004013a4a3                findUnmappedPage
                0x000000004013a4dd                allocateNewZeroPage
                0x000000004013a540                core_init
                0x000000004013a551                core_mm_read_guest_phys
                0x000000004013a5cb                core_mm_write_guest_phys
                0x000000004013a645                alloc_handler_descriptor
                0x000000004013a655                core_io_modify_handler
                0x000000004013a716                core_io_unregister_handler
                0x000000004013a79d                core_io_handle_default
                0x000000004013aa35                panic_oom
                0x000000004013aa48                core_io_register_handler
                0x000000004013ab90                matched_drhd_u
                0x000000004013abee                parse_dmar_bios_report
                0x000000004013ac39                ieee1394_init
                0x000000004013ac72                iommu_setup
                0x000000004013ac78                iodom_init
                0x000000004013ae48                add_remap
                0x000000004013aed2                create_dom
                0x000000004013b201                pci_conceal_new_device
                0x000000004013b5d7                pci_conceal_config_data_handler
                0x000000004013b5fc                pci_save_config_addr
                0x000000004013b60e                pci_restore_config_addr
                0x000000004013b620                pci_append_device
                0x000000004013b652                pci_config_data_handler
                0x000000004013b985                pci_config_addr_handler
                0x000000004013b9ce                pci_register_driver
                0x000000004013ba6d                pci_read_config_data8
                0x000000004013bab3                pci_read_config_data16
                0x000000004013bafa                pci_read_config_data32
                0x000000004013bb40                pci_write_config_data8
                0x000000004013bb86                pci_write_config_data16
                0x000000004013bbcd                pci_write_config_data32
                0x000000004013bc13                pci_read_config_data_port
                0x000000004013bc45                pci_write_config_data_port
                0x000000004013bc7b                pci_handle_default_config_write
                0x000000004013bcae                pci_print_device
                0x000000004013c019                pci_possible_new_device
                0x000000004013c041                security_storage_check_lba
                0x000000004013f376                ahci_new
                0x000000004013f600                ahci_config_read
                0x000000004013f667                ahci_config_write
                0x000000004013f91f                ata_bm_handle_command
                0x000000004013fa56                ata_bm_handle_status
                0x000000004013fb07                ata_bm_handle_prd_table
                0x000000004013fc06                ata_bm_handler
                0x000000004013fd09                ata_get_cmd_type
                0x0000000040140073                ata_handle_queued_status
                0x0000000040140a39                ata_channel_lock
                0x0000000040140ab5                ata_channel_unlock
                0x0000000040140adc                ata_cmdblk_handler
                0x0000000040140bee                ata_ctlblk_handler
                0x000000004014181f                ata_ahci_mode
                0x0000000040141d25                ata_init_io_handler
                0x0000000040141dca                ata_set_bm_handler
                0x0000000040141e21                ata_set_cmdblk_handler
                0x0000000040141e5a                ata_set_ctlblk_handler
                0x0000000040141e95                ata_config_read
                0x0000000040141f3b                ata_config_write
                0x00000000401420b5                ata_init_vendor
                0x00000000401420dc                ata_bm_handle_device_specific
                0x00000000401421e0                atapi_handle_config_data
                0x0000000040142420                atapi_handle_interrupt_reason
                0x0000000040142466                atapi_handle_pio_identify_packet
                0x0000000040142600                atapi_handle_packet_data
                0x000000004014260b                atapi_handle_cmd_packet
                0x0000000040142689                packet_handle_through
                0x00000000401426bc                packet_handle_nondata
                0x00000000401426d6                packet_handle_config
                0x0000000040142720                packet_handle_rw
                0x00000000401427a1                packet_handle_invalid
                0x00000000401427bb                packet_handle_command
                0x00000000401427f0                uhci_init
                0x000000004014306f                uhci_current_frame_number
                0x0000000040143090                dump_td_byvirt
                0x0000000040143269                dump_td
                0x000000004014333b                dump_qh
                0x0000000040143510                dump_frame
                0x000000004014361a                uhci_dump_all
                0x00000000401437dc                uhci_error_status_string
                0x0000000040143abb                uhci_shadow_buffer
                0x0000000040143d3e                uhci_framelist_monitor
                0x0000000040145cbe                scan_gframelist
                0x000000004014656b                uhci_create_urb
                0x00000000401466cf                uhci_destroy_urb
                0x00000000401467fc                uhci_destroy_unlinked_urbs
                0x00000000401468d1                uhci_deactivate_urb
                0x0000000040146c5e                uhci_activate_urb
                0x000000004014721a                uhci_reactivate_urb
                0x00000000401472c0                uhci_submit_control
                0x00000000401478f4                uhci_submit_interrupt
                0x000000004014795c                uhci_submit_bulk
                0x00000000401479c4                uhci_check_urb_advance
                0x00000000401479ff                uhci_check_advance
                0x0000000040147c05                init_hframelist
                0x0000000040147ee1                ehci_conceal_portroute
                0x0000000040147f29                ehci_init
                0x0000000040149ce7                ehci_dump_qtd
                0x0000000040149d5a                ehci_dump_qtdm
                0x0000000040149d8f                ehci_dump_alist
                0x0000000040149e52                ehci_dump_urblist
                0x0000000040149ee8                ehci_dump_urb
                0x000000004014a3a5                ehci_dump_async
                0x000000004014a826                ehci_dump_all
                0x000000004014bda3                ehci_shadow_buffer
                0x000000004014c05f                get_gurb_by_address
                0x000000004014c0f5                shadow_and_activate_urb
                0x000000004014c3d9                ehci_deactivate_urb
                0x000000004014c573                deactivate_and_delete_urb
                0x000000004014c7dc                ehci_check_urb_advance
                0x000000004014c9a6                ehci_check_advance
                0x000000004014cbf4                ehci_shadow_async_list
                0x000000004014cd0e                ehci_cleanup_urbs
                0x000000004014ce7b                ehci_end_monitor_async
                0x000000004014cee4                ehci_monitor_async_list
                0x000000004014d5a3                ehci_submit_control
                0x000000004014db33                ehci_submit_bulk
                0x000000004014db3e                ehci_submit_interrupt
                0x000000004014f6e3                usbmsc_init_handle
                0x000000004014fabe                usbhub_init_handle
                0x000000004014fb37                hub_portdevice_register
                0x0000000040150200                usbccid_init_handle
                0x0000000040150320                usb_set_debug
                0x000000004015032c                usb_init
                0x0000000040150332                usb_find_busses
                0x0000000040150413                usb_get_busses
                0x0000000040150420                usb_get_bus
                0x000000004015044f                usb_find_devices
                0x000000004015049f                usb_open
                0x0000000040150509                usb_close
                0x0000000040150519                usb_resetep
                0x0000000040150524                usb_clear_halt
                0x000000004015052f                usb_reset
                0x000000004015053a                usb_claim_interface
                0x0000000040150548                usb_release_interface
                0x000000004015055a                usb_set_configuration
                0x0000000040150805                usb_set_altinterface
                0x0000000040150ab2                usb_control_msg
                0x0000000040150e01                usb_get_string
                0x000000004015113c                usb_get_string_simple
                0x000000004015133c                usb_get_descriptor
                0x000000004015167d                usb_get_descriptor_early
                0x00000000401519c6                usb_get_descriptor_by_endpoint
                0x0000000040151d0c                usb_bulk_write
                0x0000000040151f40                usb_interrupt_write
                0x0000000040152172                usb_bulk_read
                0x000000004015242e                usb_interrupt_read
                0x00000000401526ed                usb_register_host
                0x0000000040152808                usb_unregister_devices
                0x000000004015283a                usb_sc_lock
                0x00000000401528b2                usb_sc_unlock
                0x0000000040152fc8                free_config_descriptors
                0x0000000040153119                free_device
                0x0000000040153285                handle_connect_status
                0x0000000040153380                handle_port_reset
                0x0000000040153461                dprintf_port
                0x0000000040154409                usb_init_device_monitor
                0x0000000040154473                usb_new_dev_handle
                0x0000000040154524                usbhid_init_handle
                0x000000004015465a                usb_hook_process
                0x000000004015495a                usb_hook_register
                0x0000000040154a34                usb_hook_unregister
                0x0000000040154ab8                _dprintf
                0x0000000040154b05                _dprintft
                0x0000000040154bb8                pro100_io_handler
                0x0000000040154bc3                pro100_config_read
                0x0000000040154bd8                pro100_config_write
                0x0000000040154d02                pro100_init
                0x0000000040154d1c                pro100_init_vpn_client
                0x0000000040154d5b                pro100_sleep
                0x0000000040154d8b                pro100_beep
                0x0000000040154db5                pro100_get_ctx
                0x0000000040154e58                pro100_alloc_page
                0x0000000040154e92                pro100_free_page
                0x0000000040154eb7                pro100_get_op_size
                0x0000000040154efa                pro100_mem_read
                0x0000000040154f70                pro100_read_send_packet
                0x0000000040155182                pro100_mem_write
                0x00000000401551f6                pro100_write
                0x0000000040155269                pro100_read
                0x00000000401552e8                pro100_wait_cu_ru_accepable
                0x0000000040155323                pro100_init_cu_base_addr
                0x0000000040155383                pro100_init_ru_base_addr
                0x00000000401553e3                pro100_flush
                0x00000000401553fe                pro100_exec_cu_op
                0x0000000040155542                pro100_send_packet_to_line
                0x000000004015567f                pro100_generate_int
                0x00000000401556af                pro100_write_recv_packet
                0x000000004015582b                pro100_proc_guest_op
                0x0000000040155a36                pro100_get_int_bit_string
                0x0000000040155aac                pro100_get_stat_ack_string
                0x0000000040155b17                pro100_get_cu_command_string
                0x0000000040155b99                pro100_get_ru_command_string
                0x0000000040155be3                pro100_init_recv_buffer
                0x0000000040155d1a                pro100_poll_ru
                0x0000000040155e15                pro100_hook_write
                0x00000000401560db                pro100_hook_read
                0x0000000040156292                pro100_mm_handler
                0x00000000401563e6                pro100_alloc_recv_buffer
                0x0000000040156453                pro100_new
                0x00000000401586a3                storage_premap_buf
                0x00000000401586ae                storage_premap_handle_sectors
                0x00000000401589e2                storage_get_num_hc
                0x0000000040158a14                storage_hc_open
                0x0000000040158b08                storage_hc_close
                0x0000000040158b52                storage_hc_hook_register
                0x0000000040158bc9                storage_hc_hook_unregister
                0x0000000040158c63                storage_hc_register
                0x0000000040158e41                storage_hc_unregister
                0x0000000040158f4a                storage_hc_scandev
                0x0000000040158f91                storage_hc_dev_open
                0x00000000401590ce                storage_hc_dev_atacommand
                0x00000000401592a5                storage_hc_dev_close
                0x000000004015936d                storage_io_init
                0x0000000040159382                storage_io_deinit
                0x000000004015938d                storage_io_get_num_devices
                0x000000004015944b                storage_io_aget_size
                0x00000000401595bd                storage_io_aread
                0x00000000401597fe                storage_io_awrite
                0x0000000040159f82                storage_handle_sectors
                0x000000004015a1cb                storage_new
                0x000000004015a412                storage_free
                0x000000004015a611                storage_init
                0x000000004015a845                aes_xts_init
                0x000000004015a878                crypto_find
                0x000000004015a8cb                crypto_register
                0x000000004015a91b                crypto_init
                0x000000004015a972                crypto_none_init
                0x000000004015a9aa                vpn_GetCurrentCpuId
                0x000000004015a9b5                vpn_GetTickCount
                0x000000004015a9e5                vpn_NewTimer
                0x000000004015a9ff                vpn_SetTimer
                0x000000004015aa13                vpn_FreeTimer
                0x000000004015aa1e                vpn_GetPhysicalNicInfo
                0x000000004015aa2d                vpn_SendPhysicalNic
                0x000000004015aa3c                vpn_SetPhysicalNicRecvCallback
                0x000000004015aa4b                vpn_GetVirtualNicInfo
                0x000000004015aa5b                vpn_SendVirtualNic
                0x000000004015aa6b                vpn_SetVirtualNicRecvCallback
                0x000000004015aa7b                vpn_premap_PhysicalNicRecv
                0x000000004015aa94                vpn_premap_VirtualNicRecv
                0x000000004015aaad                vpn_premap_recvbuf
                0x000000004015aab8                vpn_ic_rsa_sign
                0x000000004015ab51                vpn_new_nic
                0x000000004015b161                msg_vpn_GetCurrentCpuId
                0x000000004015b17b                msg_vpn_ic_rsa_sign
                0x000000004015b227                msg_vpn_GetTickCount
                0x000000004015b265                msg_vpn_GetPhysicalNicInfo
                0x000000004015b2c9                msg_vpn_SendPhysicalNic
                0x000000004015b383                msg_vpn_SetPhysicalNicRecvCallback
                0x000000004015b3cf                msg_vpn_GetVirtualNicInfo
                0x000000004015b433                msg_vpn_SendVirtualNic
                0x000000004015b4ed                msg_vpn_SetVirtualNicRecvCallback
                0x000000004015b539                msg_vpn_NewTimer
                0x000000004015b5a9                msg_vpn_SetTimer
                0x000000004015b67c                msg_vpn_FreeTimer
                0x000000004015b6e2                vpn_start
                0x000000004015ba6c                vpn_user_init
                0x000000004015bad0                SeFreeConfigEntryList
                0x000000004015bb2e                SeGetConfigEntry
                0x000000004015bb9f                SeGetConfigStr
                0x000000004015bbcc                SeGetConfigBool
                0x000000004015bc78                SeGetConfigInt
                0x000000004015bc9c                SeGetConfigInt64
                0x000000004015bcc0                SeGetConfigBin
                0x000000004015bce4                SeIsSplitChar
                0x000000004015bd57                SeGetKeyAndValue
                0x000000004015bee7                SeLoadConfigEntryListFromBuf
                0x000000004015c05f                SeLoadConfigEntryList
                0x000000004015c0b0                SePKeyPasswordCallbackFunction
                0x000000004015c0dd                SeDhFree
                0x000000004015c117                SeRsaVerifyWithPadding
                0x000000004015c1f1                SeRsaSignWithPadding
                0x000000004015c2b5                SeRsaPublicDecrypt
                0x000000004015c35e                SeRsaPrivateEncrypt
                0x000000004015c407                SeRsaPrivateDecrypt
                0x000000004015c4a8                SeRsaPublicEncrypt
                0x000000004015c549                SeGetCertSha1
                0x000000004015c591                SeGetCertMd5
                0x000000004015c5d9                SeBinToBigNum
                0x000000004015c624                SeBufToBigNum
                0x000000004015c63f                SeDhCompute
                0x000000004015c6cb                SeBigNumToBuf
                0x000000004015c764                SeRsaPublicSize
                0x000000004015c7af                SeRsaPublicToBin
                0x000000004015c813                SeRsaPublicToBuf
                0x000000004015c857                SeDhNew
                0x000000004015c92d                SeDhNewGroup2
                0x000000004015c942                SeCheckSignature
                0x000000004015c96c                SeGetKeyFromCert
                0x000000004015c9a8                SeCompareCert
                0x000000004015c9d2                SeCheckCertAndKey
                0x000000004015c9fc                SeIsBase64
                0x000000004015cabd                SeFreePKey
                0x000000004015cacd                SeFreeKey
                0x000000004015caf5                SeIsCertSignedByCert
                0x000000004015cb65                SeCheckCert
                0x000000004015cbcb                SeBioToKey
                0x000000004015ccd9                SeGetCertIssuerName
                0x000000004015cd65                SeGetCertSubjectName
                0x000000004015cdef                SeFreeX509
                0x000000004015cdff                SeFreeCert
                0x000000004015ce2d                SeFreeBio
                0x000000004015ce3d                SeNewBio
                0x000000004015ce50                SeCertToBio
                0x000000004015ceb1                SeKeyToBio
                0x000000004015cfad                SeRsaGen
                0x000000004015d118                SeBioToBuf
                0x000000004015d1b9                SeCertToBuf
                0x000000004015d204                SeSaveCert
                0x000000004015d265                SeKeyToBuf
                0x000000004015d2b0                SeSaveKey
                0x000000004015d314                SeX509ToCert
                0x000000004015d3cc                SeBioToCert
                0x000000004015d417                SeBigNumToStr
                0x000000004015d483                SeBufToBio
                0x000000004015d4dc                SeBufToKey
                0x000000004015d548                SeLoadKey
                0x000000004015d5f3                SeCloneKey
                0x000000004015d65d                SeBufToCert
                0x000000004015d6b2                SeLoadCert
                0x000000004015d6ff                SeCloneCert
                0x000000004015d750                SeSha1
                0x000000004015d770                SeHashForSignBySHA1
                0x000000004015d81a                SeRsaSignWithSha1
                0x000000004015d8bd                SeRsaVerifyWithSha1
                0x000000004015d95f                SeMacSha1
                0x000000004015dab6                SeMacSha196
                0x000000004015dafd                SeMd5
                0x000000004015db1d                SeDes3Encrypt
                0x000000004015dbb5                SeDes3Decrypt
                0x000000004015dc4f                SeDesNewKeyValue
                0x000000004015dca1                SeDes3NewKey
                0x000000004015dd22                SeDesNewKey
                0x000000004015dd33                SeDesRandKeyValue
                0x000000004015dd4f                SeDesRandKey
                0x000000004015dd99                SeDes3RandKey
                0x000000004015dde2                SeDesFreeKeyValue
                0x000000004015de0a                SeDes3FreeKey
                0x000000004015de44                SeDesFreeKey
                0x000000004015de4f                SeRand
                0x000000004015de63                SeRand64
                0x000000004015de7f                SeRand32
                0x000000004015de9a                SeRand16
                0x000000004015deb6                SeRand8
                0x000000004015ded2                SeRand1
                0x000000004015dee5                SeInitCrypto
                0x000000004015df28                SeFreeCrypto
                0x000000004015df40                SeIkeStrToPassword
                0x000000004015dfad                SeIkePhase1CryptIdToKeySize
                0x000000004015dfcc                SeIkePhase2CryptIdToKeySize
                0x000000004015dfeb                SeIkeStrToPhase1CryptId
                0x000000004015e051                SeIkeStrToPhase1HashId
                0x000000004015e090                SeIkeStrToPhase2CryptId
                0x000000004015e0fb                SeIkeStrToPhase2HashId
                0x000000004015e13a                SeIkeIsZeroIP
                0x000000004015e168                SeIkeInitIPv6Address
                0x000000004015e1b5                SeIkeInitIPv4Address
                0x000000004015e1f8                SeIkeGetIPv6Address
                0x000000004015e232                SeIkeGetIPv4Address
                0x000000004015e24b                SeIkeIpAddressToStr
                0x000000004015e2a5                SeIkeBuildDataPayload
                0x000000004015e2ee                SeIkeBuildTransformValue
                0x000000004015e3a8                SeIkeBuildTransformValueList
                0x000000004015e410                SeIkeBuildTransformPayload
                0x000000004015e48d                SeIkeBuildIdPayload
                0x000000004015e504                SeIkeBuildCertPayload
                0x000000004015e567                SeIkeBuildCertRequestPayload
                0x000000004015e5ca                SeIkeBuildNoticePayload
                0x000000004015e657                SeIkeBuildDeletePayload
                0x000000004015e727                SeIkeGetFirstPayloadType
                0x000000004015e746                SeIkeBuildPayloadList
                0x000000004015e851                SeIkeBuildProposalPayload
                0x000000004015e8fc                SeIkeBuildSaPayload
                0x000000004015e985                SeIkeBuildPayload
                0x000000004015ea5e                SeIkeGetPayload
                0x000000004015eaac                SeIkeGetPayloadNum
                0x000000004015eae8                SeIkeNewPayload
                0x000000004015eb06                SeIkeNewDataPayload
                0x000000004015eb56                SeIkeNewSaPayload
                0x000000004015eb81                SeIkeNewProposalPayload
                0x000000004015ec0b                SeIkeNewTransformPayload
                0x000000004015ec56                SeIkeNewIdPayload
                0x000000004015ecd6                SeIkeNewCertPayload
                0x000000004015ed3a                SeIkeNewCertRequestPayload
                0x000000004015ed9e                SeIkeNewNoticePayload
                0x000000004015ee3a                SeIkeNewDeletePayload
                0x000000004015ee76                SeIkeNewTransformValue
                0x000000004015eea5                SeIkeFreeTransformValueList
                0x000000004015eee1                SeIkeParseTransformValueList
                0x000000004015f04d                SeIkeParseTransformPayload
                0x000000004015f0b9                SeIkeFreeTransformPayload
                0x000000004015f0e7                SeIkeParseIdPayload
                0x000000004015f164                SeIkeFreeIdPayload
                0x000000004015f192                SeIkeParseCertPayload
                0x000000004015f1fb                SeIkeFreeCertPayload
                0x000000004015f229                SeIkeParseCertRequestPayload
                0x000000004015f292                SeIkeFreeCertRequestPayload
                0x000000004015f2c0                SeIkeParseNoticePayload
                0x000000004015f384                SeIkeFreeNoticePayload
                0x000000004015f3c8                SeIkeFreeDeletePayload
                0x000000004015f427                SeIkeParseDeletePayload
                0x000000004015f535                SeIkeParseDataPayload
                0x000000004015f56f                SeIkeFreeDataPayload
                0x000000004015f582                SeIkeFreePayloadList
                0x000000004015f5be                SeIkeParsePayloadListEx
                0x000000004015f741                SeIkeParsePayloadList
                0x000000004015f754                SeIkeParseProposalPayload
                0x000000004015f804                SeIkeParseSaPayload
                0x000000004015f8d1                SeIkeParsePayload
                0x000000004015f9d1                SeIkeFreeProposalPayload
                0x000000004015fa15                SeIkeFreeSaPayload
                0x000000004015fa41                SeIkeFreePayload
                0x000000004015fae8                SeIkeEncrypt
                0x000000004015fba3                SeIkeEncryptWithPadding
                0x000000004015fc53                SeIkeBuild
                0x000000004015fdac                SeIkeDecrypt
                0x000000004015fe67                SeIkeFree
                0x000000004015fea3                SeIkeParseEx
                0x000000004016008b                SeIkeParse
                0x000000004016009b                SeIkeParseHeader
                0x00000000401600ab                SeIkeNew
                0x0000000040160130                VPN_IPsec_Client_Start
                0x0000000040160156                VPN_IPsec_Client_Stop
                0x0000000040160166                SeIntInit
                0x0000000040160189                SeIntFree
                0x00000000401601a3                VPN_IPsec_Init
                0x00000000401601ff                VPN_IPsec_Free
                0x0000000040160231                SeSysMemoryAlloc
                0x000000004016024d                SeSysMemoryReAlloc
                0x0000000040160276                SeSysMemoryFree
                0x000000004016028e                SeSysGetCurrentCpuId
                0x00000000401602a6                SeSysNewLock
                0x00000000401602be                SeSysLock
                0x00000000401602d6                SeSysUnlock
                0x00000000401602ee                SeSysFreeLock
                0x0000000040160306                SeSysGetTickCount
                0x000000004016031e                SeSysNewTimer
                0x0000000040160342                SeSysSetTimer
                0x000000004016035a                SeSysFreeTimer
                0x0000000040160372                SeSysGetPhysicalNicInfo
                0x000000004016038f                SeSysSendPhysicalNic
                0x00000000401603b5                SeSysSetPhysicalNicRecvCallback
                0x00000000401603d7                SeSysGetVirtualNicInfo
                0x00000000401603f4                SeSysSendVirtualNic
                0x000000004016041d                SeSysSetVirtualNicRecvCallback
                0x0000000040160442                SeSysSaveData
                0x0000000040160469                SeSysLoadData
                0x0000000040160490                SeSysFreeData
                0x00000000401604ab                SeSysRsaSign
                0x00000000401604e3                SeSysLog
                0x0000000040160511                SeRsaSign
                0x00000000401605b0                Se4ParseIpPacketUDPv4
                0x00000000401606ab                Se4FreeIpHeaderInfo
                0x00000000401606df                Se4IpChecksum
                0x0000000040160752                Se4IpCheckChecksum
                0x00000000401607a1                Se4ParseIpPacketICMPv4
                0x00000000401608d0                Se4BuildIcmpEchoPacket
                0x000000004016098c                Se4AdjustTcpMss
                0x0000000040160b31                Se4Tick
                0x0000000040160b49                Se4BroadcastMacAddress
                0x0000000040160b54                Se4SendEthPacket
                0x0000000040160c2b                Se4SendIpFragmentNow
                0x0000000040160c54                Se4InitArpEntryList
                0x0000000040160c64                Se4FreeArpEntryList
                0x0000000040160ca0                Se4FlushArpEntryList
                0x0000000040160d4d                Se4SearchArpEntryList
                0x0000000040160dd9                Se4AddArpEntryList
                0x0000000040160ec6                Se4SearchArpWaitList
                0x0000000040160f0e                Se4InitArpWaitList
                0x0000000040160f1e                Se4FreeArpWaitList
                0x0000000040160f5a                Se4InsertIpWait
                0x0000000040160fdc                Se4InitIpWaitList
                0x0000000040160fec                Se4FreeIpWait
                0x0000000040161015                Se4FlushIpWaitList
                0x00000000401610d7                Se4FreeIpWaitList
                0x0000000040161113                Se4InitIpCombineList
                0x0000000040161123                Se4SearchIpCombineList
                0x0000000040161199                Se4InitIpFragmentList
                0x00000000401611a9                Se4InsertIpCombine
                0x00000000401612a8                Se4FreeIpFragmentList
                0x00000000401612e4                Se4FreeIpCombine
                0x000000004016131c                Se4FlushIpCombineList
                0x0000000040161405                Se4FreeIpCombineList
                0x0000000040161453                Se4Free
                0x0000000040161497                Se4And
                0x00000000401614c6                Se4GetNetworkAddress
                0x00000000401614d1                Se4Or
                0x0000000040161500                Se4Not
                0x000000004016152a                Se4GetBroadcastAddress
                0x000000004016156f                Se4GetHostAddress
                0x0000000040161589                Se4GenerateSubnetMask32
                0x00000000401615aa                Se4IPToStr
                0x00000000401615ed                Se4ZeroIP
                0x0000000040161608                Se4StrToIP
                0x00000000401616a9                Se4IPToUINT
                0x00000000401616cb                Se4StrToIP32
                0x00000000401616dd                Se4IsZeroIP
                0x00000000401616f0                Se4Init
                0x0000000040161806                Se4Cmp
                0x000000004016183f                Se4CheckUnicastAddress
                0x0000000040161890                Se4IsInSameNetwork
                0x00000000401618df                Se4CmpIpCombineList
                0x000000004016197d                Se4SendWaitingIpWait
                0x0000000040161a5e                Se4MacIpRelationKnown
                0x0000000040161b0a                Se4CmpArpWaitEntry
                0x0000000040161b41                Se4CmpArpEntry
                0x0000000040161b78                Se4ParseIpPacket
                0x0000000040161cce                Se4IsBroadcastAddress
                0x0000000040161ce2                Se4SendArpResponse
                0x0000000040161dc9                Se4SendArpDoProcess
                0x0000000040161ecf                Se4ProcessArpWaitList
                0x0000000040161f83                Se4MainProc
                0x0000000040161fb4                Se4SendArpRequest
                0x0000000040162029                Se4UINTToIP
                0x000000004016204b                Se4IPToStr32
                0x000000004016206f                Se4GenerateSubnetMask
                0x0000000040162081                Se4IsSubnetMask
                0x00000000401620be                Se4RecvArpResponse
                0x0000000040162103                Se4RecvArpRequest
                0x000000004016222d                Se4RecvArp
                0x00000000401622ea                Se4SendRawIp
                0x000000004016244d                Se4SendIpFragment
                0x0000000040162580                Se4SendIp
                0x0000000040162662                Se4SendUdp
                0x0000000040162794                Se4SendIcmp
                0x000000004016284d                Se4SendIcmpEchoResponse
                0x00000000401628e2                Se4RecvIpComplete
                0x00000000401629af                Se4CombineIp
                0x0000000040162bad                Se4SendIcmpEchoRequest
                0x0000000040162c42                Se4RecvIp
                0x0000000040162edc                Se4RecvEthPacket
                0x0000000040162f70                Se6FreeIpHeaderInfo
                0x0000000040162fa4                Se6IpChecksum
                0x0000000040163017                Se6CalcChecksum
                0x00000000401630d8                Se6ParseIpPacketICMPv6
                0x0000000040163316                Se6ParseIpPacketUDPv6
                0x0000000040163465                Se6BuildIcmpEchoPacket
                0x000000004016354e                Se6BroadcastMacAddress
                0x0000000040163559                Se6SendEthPacket
                0x0000000040163630                Se6SendIpFragmentNow
                0x0000000040163659                Se6InitNeighborEntryList
                0x0000000040163669                Se6FreeNeighborEntryList
                0x00000000401636a5                Se6FlushNeighborEntryList
                0x0000000040163752                Se6SearchNeighborEntryList
                0x00000000401637a9                Se6AddNeighborEntryList
                0x0000000040163893                Se6SearchNdpWaitList
                0x00000000401638e2                Se6InitNdpWaitList
                0x00000000401638f2                Se6FreeNdpWaitList
                0x000000004016392e                Se6InsertIpWait
                0x00000000401639bd                Se6InitIpWaitList
                0x00000000401639cd                Se6FreeIpWait
                0x00000000401639f6                Se6FreeIpWaitList
                0x0000000040163a32                Se6InitIpCombineList
                0x0000000040163a42                Se6SearchIpCombineList
                0x0000000040163ae6                Se6InitIpFragmentList
                0x0000000040163af6                Se6FreeIpFragmentList
                0x0000000040163b32                Se6FreeIpCombine
                0x0000000040163b6d                Se6FreeIpCombineList
                0x0000000040163bbb                Se6Free
                0x0000000040163c0b                Se6Tick
                0x0000000040163c23                Se6InsertIpCombine
                0x0000000040163d5a                Se6FlushIpCombineList
                0x0000000040163e46                Se6FlushIpWaitList
                0x0000000040163f0e                Se6GenerateEui64Address
                0x0000000040163f6f                Se6GenerateMulticastMacAddress
                0x0000000040163fa5                Se6GetAllNodeMulticastAddr
                0x0000000040163fd1                Se6GetAllRouterMulticastAddr
                0x0000000040163ffd                Se6And
                0x000000004016403b                Se6GetPrefixAddress
                0x000000004016404a                Se6Or
                0x0000000040164088                Se6Not
                0x00000000401640bc                Se6GetHostAddress
                0x00000000401640f8                Se6GenerateSubnetMask
                0x000000004016415d                Se6GetSoliciationMulticastAddr
                0x000000004016420e                Se6LocalSubnet
                0x0000000040164222                Se6Cmp
                0x000000004016424e                Se6GetIPAddrType
                0x000000004016435c                Se6IsInSameNetwork
                0x0000000040164423                Se6SendRawIp
                0x0000000040164595                Se6SendIpFragment
                0x00000000401645b1                Se6SendIp
                0x000000004016472e                Se6SendUdp
                0x000000004016485a                Se6SendIcmp
                0x0000000040164956                Se6SendIcmpNeighborSoliciation
                0x0000000040164acc                Se6SendNeighborSoliciationDoProcess
                0x0000000040164b86                Se6SendNeighborSoliciation
                0x0000000040164c0e                Se6ProcessNdpWaitList
                0x0000000040164cc8                Se6SendIcmpNeighborAdvertisement
                0x0000000040164e0c                Se6SendIcmpEchoResponse
                0x0000000040164ed1                Se6SendIcmpEchoRequest
                0x0000000040164f96                Se6IsSubnetMask
                0x0000000040164ff8                Se6SubnetMaskToInt
                0x0000000040165052                Se6SendIcmpRouterAdvertisement
                0x000000004016522a                Se6MainProc
                0x0000000040165284                Se6CmpIpCombineList
                0x0000000040165315                Se6SendWaitingIpWait
                0x000000004016540c                Se6MacIpRelationKnown
                0x000000004016552e                Se6CmpNdpWaitEntry
                0x000000004016556f                Se6CmpNeighborEntry
                0x00000000401655b0                Se6ParseIpPacket
                0x0000000040165752                Se6IsZeroIP
                0x0000000040165772                Se6CheckUnicastAddress
                0x00000000401657a6                Se6IsNetworkPrefixAddress
                0x00000000401657e8                Se6IsGuestNode
                0x000000004016588c                Se6AddGuestNode
                0x0000000040165960                Se6RecvIpComplete
                0x0000000040165c17                Se6CombineIp
                0x0000000040165e2d                Se6RecvIp
                0x000000004016606a                Se6RecvEthPacket
                0x00000000401660dc                Se6IPToStr
                0x000000004016623a                Se6IPItemStrToChars
                0x000000004016631a                Se6CheckIPItemStr
                0x0000000040166383                Se6ZeroIP
                0x00000000401663a3                Se6StrToIP
                0x000000004016656f                Se6GenerateEui64LocalAddress
                0x00000000401665e2                Se6Init
                0x0000000040166741                Se6GenerateEui64GlobalAddress
                0x0000000040166842                Se6CheckSubnetLength
                0x0000000040166860                SeTimerEntryCompare
[...]
svm_paging_init                                   output.o
svm_paging_invalidate                             output.o
svm_paging_map_1mb                                output.o
svm_paging_npf                                    output.o
svm_paging_pagefault                              output.o
svm_paging_pg_change                              output.o
svm_paging_set_gpat                               output.o
svm_paging_spt_setcr3                             output.o
svm_paging_start                                  output.o
svm_paging_tlbflush                               output.o
svm_paging_updatecr3                              output.o
svm_panic_dump                                    output.o
svm_read_control_reg                              output.o
svm_read_flags                                    output.o
svm_read_gdtr                                     output.o
svm_read_general_reg                              output.o
svm_read_idtr                                     output.o
svm_read_ip                                       output.o
svm_read_msr                                      output.o
svm_read_sreg_acr                                 output.o
svm_read_sreg_base                                output.o
svm_read_sreg_limit                               output.o
svm_read_sreg_sel                                 output.o
svm_reset                                         output.o
svm_resume                                        output.o
svm_start_vm                                      output.o
svm_vmexit                                        output.o
svm_vminit                                        output.o
svm_write_control_reg                             output.o
svm_write_flags                                   output.o
svm_write_gdtr                                    output.o
svm_write_general_reg                             output.o
svm_write_idtr                                    output.o
svm_write_ip                                      output.o
svm_write_msr                                     output.o
svm_write_realmode_seg                            output.o
svm_writing_sreg                                  output.o
sx_handler                                        output.o
sym_to_phys                                       output.o
sync_all_processors                               output.o
sys_exitprocess                                   output.o
sys_msgclose                                      output.o
sys_msgopen                                       output.o
sys_msgregister                                   output.o
sys_msgret                                        output.o
sys_msgsendbuf                                    output.o
sys_msgsenddesc                                   output.o
sys_msgsendint                                    output.o
sys_msgsetfunc                                    output.o
sys_msgunregister                                 output.o
sys_newprocess                                    output.o
syscallHandlerAddress                             output.o
syscall_entry_lret                                output.o
syscall_entry_sysexit                             output.o
syscall_entry_sysret64                            output.o
syscall_metatata_table                            output.o
tcg_measure                                       output.o
test_gpaToHPA                                     output.o
test_logicalCPUStatus                             output.o
test_start                                        output.o
test_traverseGuestPages                           output.o
thread_exit                                       output.o
thread_gettid                                     output.o
thread_new                                        output.o
thread_set_process_switch                         output.o
thread_start0                                     output.o
thread_start1                                     output.o
thread_switch                                     output.o
thread_wakeup                                     output.o
thread_will_stop                                  output.o
timer_free                                        output.o
timer_new                                         output.o
timer_set                                         output.o
traverseGuestPages                                output.o
traverseIA32ePDPT                                 output.o
traverseIA32ePDT                                  output.o
traverseIA32ePT                                   output.o
traverseIA32ePages                                output.o
tree_find_sk                                      output.o
tty_init_iohook                                   output.o
tty_putchar                                       output.o
tty_udp_register                                  output.o
ttylog_stop                                       output.o
uhci_activate_urb                                 output.o
uhci_check_advance                                output.o
uhci_check_urb_advance                            output.o
uhci_create_urb                                   output.o
uhci_current_frame_number                         output.o
uhci_deactivate_urb                               output.o
uhci_destroy_unlinked_urbs                        output.o
uhci_destroy_urb                                  output.o
uhci_dump_all                                     output.o
uhci_error_status_string                          output.o
uhci_framelist_monitor                            output.o
uhci_init                                         output.o
uhci_monitor_boost_hc                             output.o
uhci_reactivate_urb                               output.o
uhci_shadow_buffer                                output.o
uhci_submit_bulk                                  output.o
uhci_submit_control                               output.o
uhci_submit_interrupt                             output.o
unmapHPAintoHVA                                   output.o
unmapmem                                          output.o
update_mtrr_and_pat                               output.o
usb_bulk_read                                     output.o
usb_bulk_write                                    output.o
usb_busses_head                                   output.o
usb_claim_interface                               output.o
usb_clear_halt                                    output.o
usb_close                                         output.o
usb_control_msg                                   output.o
usb_find_busses                                   output.o
usb_find_devices                                  output.o
usb_get_bus                                       output.o
usb_get_busses                                    output.o
usb_get_descriptor                                output.o
usb_get_descriptor_by_endpoint                    output.o
usb_get_descriptor_early                          output.o
usb_get_string                                    output.o
usb_get_string_simple                             output.o
usb_hc_list_head                                  output.o
usb_hook_process                                  output.o
usb_hook_register                                 output.o
usb_hook_unregister                               output.o
usb_init                                          output.o
usb_init_device_monitor                           output.o
usb_interrupt_read                                output.o
usb_interrupt_write                               output.o
usb_log_level                                     output.o
usb_new_dev_handle                                output.o
usb_open                                          output.o
usb_register_host                                 output.o
usb_release_interface                             output.o
usb_reset                                         output.o
usb_resetep                                       output.o
usb_sc_lock                                       output.o
usb_sc_unlock                                     output.o
usb_set_altinterface                              output.o
usb_set_configuration                             output.o
usb_set_debug                                     output.o
usb_unregister_devices                            output.o
usbccid_init_handle                               output.o
usbhid_init_handle                                output.o
usbhub_init_handle                                output.o
usbmsc_init_handle                                output.o
use_pae                                           output.o
usleep                                            output.o
v2i_ASN1_BIT_STRING                               output.o
v2i_GENERAL_NAME                                  output.o
v2i_GENERAL_NAMES                                 output.o
v2i_GENERAL_NAME_ex                               output.o
v3_akey_id                                        output.o
v3_alt                                            output.o
v3_bcons                                          output.o
v3_cpols                                          output.o
v3_crl_hold                                       output.o
v3_crl_invdate                                    output.o
v3_crl_num                                        output.o
v3_crl_reason                                     output.o
v3_crld                                           output.o
v3_delta_crl                                      output.o
v3_ext_ku                                         output.o
v3_freshest_crl                                   output.o
v3_idp                                            output.o
v3_info                                           output.o
v3_inhibit_anyp                                   output.o
v3_key_usage                                      output.o
v3_name_constraints                               output.o
v3_ns_ia5_list                                    output.o
v3_nscert                                         output.o
v3_ocsp_accresp                                   output.o
v3_ocsp_acutoff                                   output.o
v3_ocsp_crlid                                     output.o
v3_ocsp_nocheck                                   output.o
v3_ocsp_nonce                                     output.o
v3_ocsp_serviceloc                                output.o
v3_pci                                            output.o
v3_pkey_usage_period                              output.o
v3_policy_constraints                             output.o
v3_policy_mappings                                output.o
v3_sinfo                                          output.o
v3_skey_id                                        output.o
v3_sxnet                                          output.o
vcpu_list_foreach                                 output.o
vga_fill_rect                                     output.o
vga_get_screen_size                               output.o
vga_is_ready                                      output.o
vga_register                                      output.o
vga_transfer_image                                output.o
virt_to_phys                                      output.o
vmctl_svm_init                                    output.o
vmctl_vt_init                                     output.o
vmm_base_cr3                                      output.o
vmm_main                                          output.o
vmm_pd                                            output.o
vmm_pd1                                           output.o
vmm_pd2                                           output.o
vmm_pdp                                           output.o
vmm_pml4                                          output.o
vmm_start_inf                                     output.o
vmm_term_inf                                      output.o
vmmcall                                           output.o
vmmcall_boot_continue                             output.o
vmmcall_boot_enable                               output.o
vmmcall_init                                      output.o
vmmcall_register                                  output.o
vmmsize                                           output.o
vpn_FreeTimer                                     output.o
vpn_GetCurrentCpuId                               output.o
vpn_GetPhysicalNicInfo                            output.o
vpn_GetTickCount                                  output.o
vpn_GetVirtualNicInfo                             output.o
vpn_NewTimer                                      output.o
vpn_SendPhysicalNic                               output.o
vpn_SendVirtualNic                                output.o
vpn_SetPhysicalNicRecvCallback                    output.o
vpn_SetTimer                                      output.o
vpn_SetVirtualNicRecvCallback                     output.o
vpn_ic_rsa_sign                                   output.o
vpn_new_nic                                       output.o
vpn_premap_PhysicalNicRecv                        output.o
vpn_premap_VirtualNicRecv                         output.o
vpn_premap_recvbuf                                output.o
vpn_start                                         output.o
vpn_user_init                                     output.o
vprintf                                           output.o
vramwrite_clearscreen                             output.o
vramwrite_exit_global                             output.o
vramwrite_get_cursor_pos                          output.o
vramwrite_init_global                             output.o
vramwrite_mark1                                   output.o
vramwrite_mark2                                   output.o
vramwrite_mark3                                   output.o
vramwrite_putchar                                 output.o
vramwrite_restore_cursor                          output.o
vramwrite_save_and_move_cursor                    output.o
vsnprintf                                         output.o
vt__vmx_init                                      output.o
vt__vmxon                                         output.o
vt_add_guest_msr                                  output.o
vt_available                                      output.o
vt_enable_resume                                  output.o
vt_ept_clear_all                                  output.o
vt_ept_extern_mapsearch                           output.o
vt_ept_init                                       output.o
vt_ept_map_1mb                                    output.o
vt_ept_tlbflush                                   output.o
vt_ept_updatecr3                                  output.o
vt_ept_violation                                  output.o
vt_extern_iopass                                  output.o
vt_generate_external_int                          output.o
vt_generate_pagefault                             output.o
vt_get_current_regs_in_vmcs                       output.o
vt_get_vmcs_regs_in_vmcs                          output.o
vt_init                                           output.o
vt_init_signal                                    output.o
vt_io                                             output.o
vt_iopass                                         output.o
vt_iopass_init                                    output.o
vt_msr_init                                       output.o
vt_msr_update_lma                                 output.o
vt_paging_apply_fixed_cr0                         output.o
vt_paging_apply_fixed_cr4                         output.o
vt_paging_clear_all                               output.o
vt_paging_extern_flush_tlb_entry                  output.o
vt_paging_flush_guest_tlb                         output.o
vt_paging_get_gpat                                output.o
vt_paging_init                                    output.o
vt_paging_invalidate                              output.o
vt_paging_map_1mb                                 output.o
vt_paging_npf                                     output.o
vt_paging_pagefault                               output.o
vt_paging_pg_change                               output.o
vt_paging_set_gpat                                output.o
vt_paging_spt_setcr3                              output.o
vt_paging_start                                   output.o
vt_paging_tlbflush                                output.o
vt_paging_updatecr3                               output.o
vt_panic_dump                                     output.o
vt_read_control_reg                               output.o
vt_read_flags                                     output.o
vt_read_gdtr                                      output.o
vt_read_general_reg                               output.o
vt_read_guest_msr                                 output.o
vt_read_idtr                                      output.o
vt_read_ip                                        output.o
vt_read_msr                                       output.o
vt_read_sreg_acr                                  output.o
vt_read_sreg_base                                 output.o
vt_read_sreg_limit                                output.o
vt_read_sreg_sel                                  output.o
vt_reset                                          output.o
vt_resume                                         output.o
vt_start_vm                                       output.o
vt_update_exception_bmp                           output.o
vt_vmexit                                         output.o
vt_vminit                                         output.o
vt_vmptrld                                        output.o
vt_write_control_reg                              output.o
vt_write_flags                                    output.o
vt_write_gdtr                                     output.o
vt_write_general_reg                              output.o
vt_write_guest_msr                                output.o
vt_write_idtr                                     output.o
vt_write_ip                                       output.o
vt_write_msr                                      output.o
vt_write_realmode_seg                             output.o
vt_writing_sreg                                   output.o
waitcycles                                        output.o
wakeup_cont                                       output.o
wakeup_entry_addr                                 output.o
wakeup_entry_cr0                                  output.o
wakeup_entry_cr3                                  output.o
wakeup_entry_cr4                                  output.o
wakeup_entry_end                                  output.o
wakeup_entry_gdtr                                 output.o
wakeup_entry_start                                output.o
wakeup_init                                       output.o
wakeup_main                                       output.o
whirlpool_block                                   output.o
write_gphys_b                                     output.o
write_gphys_l                                     output.o
write_gphys_q                                     output.o
write_gphys_w                                     output.o
write_hphys_b                                     output.o
write_hphys_l                                     output.o
write_hphys_q                                     output.o
write_hphys_w                                     output.o
write_linearaddr_b                                output.o
write_linearaddr_l                                output.o
write_linearaddr_ok_b                             output.o
write_linearaddr_ok_l                             output.o
write_linearaddr_ok_w                             output.o
write_linearaddr_q                                output.o
write_linearaddr_tss                              output.o
write_linearaddr_w                                output.o
x509_name_ff                                      output.o
zero_page_pool                                    output.o
