
Allocating common symbols
Common symbol       size              file

clflush_size        0x4               output.o
sReaderContext      0x60              output.o
sigx_app            0x8               output.o
num_dom             0x4               output.o
mszReaders          0x400             output.o
zero_page_pool      0x400             output.o
prohibit_iccard_init
                    0x4               output.o
curthread           0x8               output.o
sig_app             0x8               output.o
readerState         0x64              output.o
dom_io              0x800             output.o
acpi_dsdt_system_state
                    0x1e              output.o
ehci_host           0x8               output.o
num_of_processors   0x4               output.o
e801_fake_bx        0x2               output.o
iommu_detected      0x1               output.o
dwReaders           0x8               output.o
readerTracker       0x140             output.o
handler_descriptor_lock
                    0x1               output.o
e801_fake_ax        0x2               output.o

Discarded input sections

 .gomi          0x0000000000000000        0xe output.o

Memory Configuration

Name             Origin             Length             Attributes
*default*        0x0000000000000000 0xffffffffffffffff

Linker script and memory map

                0x0000000040100000                virt = 0x40100000
                0x0000000000100000                phys = 0x100000
                0x0000000040100000                . = virt
                0x0000000040100000                head = .
                0x00000000401000b0                . = (virt + SIZEOF_HEADERS)

.text           0x0000000040101000   0x1153e7 load address 0x0000000000101000
                0x0000000040101000                code = .
 *(.entry)
 .entry         0x0000000040101000     0x6000 output.o
                0x000000004010100c                entry
                0x000000004010109a                cpuinit_start
                0x00000000401012c8                vmm_base_cr3
                0x00000000401012e0                apinit_procs
                0x00000000401012e8                apinit_lock
                0x00000000401012f0                cpuinit_end
                0x0000000040103000                entry_pdp
                0x0000000040104000                entry_pd0
                0x0000000040105000                entry_pd
 *(.text)
 .text          0x0000000040107000   0x10f3e7 output.o
                0x000000004010766c                acpi_smi_hook
                0x00000000401076ba                acpi_iohook
                0x000000004010770c                acpi_reset
                0x0000000040107808                acpi_poweroff
                0x0000000040107841                get_acpi_time_raw
                0x000000004010c811                acpi_dsdt_parse
                0x000000004010ccea                apinitproc0
                0x000000004010cd13                apic_available
                0x000000004010cd3f                ap_start_addr
                0x000000004010cf82                panic_wakeup_all
                0x000000004010d006                disable_apic
                0x000000004010d07d                sync_all_processors
                0x000000004010d10d                start_all_processors
                0x000000004010d14c                assertion_failed
                0x000000004010d185                beep_set_freq
                0x000000004010d1b6                beep_on
                0x000000004010d1c6                beep_off
                0x000000004010d80d                update_mtrr_and_pat
                0x000000004010da52                cache_get_gpat
                0x000000004010daa8                cache_set_gpat
                0x000000004010daf2                cache_get_attr
                0x000000004010db98                cache_get_gmtrr_type
                0x000000004010dba3                cache_get_gmtrr_attr
                0x000000004010dbb6                cache_get_gmtrrcap
                0x000000004010dbe4                cache_get_gmtrr
                0x000000004010dd3d                cache_set_gmtrr
                0x000000004010dd97                cache_get_gmsr_amd
                0x000000004010dde7                cache_set_gmsr_amd
                0x000000004010e22b                callrealmode_endofcodeaddr
                0x000000004010e23c                callrealmode_usevcpu
                0x000000004010e249                callrealmode_printmsg
                0x000000004010e266                callrealmode_getsysmemmap
                0x000000004010e2bd                callrealmode_getshiftflags
                0x000000004010e2db                callrealmode_setvideomode
                0x000000004010e2f9                callrealmode_reboot
                0x000000004010e313                callrealmode_tcgbios
                0x000000004010e3a7                callrealmode_disk_readmbr
                0x000000004010e3e7                callrealmode_disk_readlba
                0x000000004010e42f                callrealmode_bootcd_getstatus
                0x000000004010e484                callrealmode_setcursorpos
                0x000000004010e4a9                callrealmode_startkernel32
                0x000000004010e4c9                callrealmode_getfontinfo
                0x000000004010e539                get_cpu_id
                0x000000004010e54d                cpu_emul_cpuid
                0x000000004010e601                cpu_emul_rdmsr
                0x000000004010e67a                cpu_emul_wrmsr
                0x000000004010e702                cpu_emul_hlt
                0x000000004010e71a                cpu_emul_cli
                0x000000004010e753                cpu_emul_sti
                0x000000004010e79a                cpu_emul_realmode_int
                0x000000004010e8fc                cpu_emul_xsetbv
                0x0000000040111118                cpu_interpreter
                0x0000000040113440                cpu_mmu_get_pte
                0x0000000040113bd5                write_linearaddr_ok_b
                0x0000000040113bf7                write_linearaddr_ok_w
                0x0000000040113c02                write_linearaddr_ok_l
                0x0000000040113c0d                write_linearaddr_b
                0x0000000040113c7b                write_linearaddr_w
                0x0000000040113d13                write_linearaddr_l
                0x0000000040113da9                write_linearaddr_q
                0x0000000040113e3d                read_linearaddr_b
                0x0000000040113eaa                read_linearaddr_w
                0x0000000040113f3b                read_linearaddr_l
                0x0000000040113fcc                read_linearaddr_q
                0x000000004011405d                read_linearaddr_tss
                0x00000000401140f0                write_linearaddr_tss
                0x000000004011804f                cpu_mmu_spt_tlbflush
                0x000000004011808a                cpu_mmu_spt_updatecr3
                0x000000004011832a                cpu_mmu_spt_invalidate
                0x00000000401183b2                cpu_mmu_spt_pagefault
                0x00000000401185a9                cpu_mmu_spt_extern_mapsearch
                0x00000000401186e8                cpu_mmu_spt_map_1mb
                0x000000004011889c                cpu_mmu_spt_clear_all
                0x00000000401189fd                cpu_mmu_spt_init
                0x0000000040119011                cpu_seg_read_b
                0x000000004011907e                cpu_seg_read_w
                0x00000000401190eb                cpu_seg_read_l
                0x0000000040119158                cpu_seg_read_q
                0x00000000401191c5                cpu_seg_write_b
                0x0000000040119233                cpu_seg_write_w
                0x00000000401192a1                cpu_seg_write_l
                0x000000004011930e                cpu_seg_write_q
                0x000000004011937b                cpu_stack_get
                0x00000000401193e5                cpu_stack_set
                0x000000004011947a                cpu_stack_push
                0x0000000040119526                cpu_stack_pop
                0x0000000040119611                call_cpuid
                0x00000000401199ca                debug_addstr
                0x00000000401199d0                debug_gdb
                0x00000000401199d6                debug_iohook
                0x00000000401199dc                debug_msgregister
                0x0000000040119a0c                debug_msgunregister
                0x0000000040119aa9                do_exint_pass
                0x0000000040119bfd                read_gphys_b
                0x0000000040119c6f                write_gphys_b
                0x0000000040119cf2                read_gphys_w
                0x0000000040119d8f                write_gphys_w
                0x0000000040119e40                read_gphys_l
                0x0000000040119edd                write_gphys_l
                0x0000000040119f91                read_gphys_q
                0x000000004011a02e                write_gphys_q
                0x000000004011a0df                cmpxchg_gphys_l
                0x000000004011a19d                cmpxchg_gphys_q
                0x000000004011a25b                gmm_pass_gp2hp
                0x000000004011a725                idman_reinit_session
                0x000000004011a7a0                idman_reinit2
                0x000000004011a7c1                get_idman_session
                0x000000004011a801                call_initfunc
                0x000000004011a866                initfunc_init
                0x000000004011c3e5                int_fatal
                0x000000004011c744                callfunc_and_getint
                0x000000004011c758                do_externalint_enable
                0x000000004011c76d                set_int_handler
                0x000000004011c78c                int_exceptionHandler
                0x000000004011c797                int_init_ap
                0x000000004011c7ed                do_io_nothing
                0x000000004011c828                set_iofunc
                0x000000004011c8ca                call_io
                0x000000004011c9b0                do_iopass_default
                0x000000004011cb96                keyboard_reset
                0x000000004011cbdb                setkbdled
                0x000000004011cc2c                keyboard_flush
                0x000000004011cc46                load_bootsector
                0x000000004011d001                copy_bootsector
                0x000000004011d2b0                localapic_wait_for_sipi
                0x000000004011d33d                localapic_change_base_msr
                0x000000004011d389                localapic_mmio_register
                0x000000004011dd54                resume_vm
                0x000000004011de0e                vmm_main
                0x000000004011e194                getsysmemmap
                0x000000004011e21b                getfakesysmemmap
                0x000000004011e28d                phys_to_virt
                0x000000004011e2a3                vmm_start_inf
                0x000000004011e2af                vmm_term_inf
                0x000000004011e2c0                num_of_available_pages
                0x000000004011e333                alloc_pages
                0x000000004011e3a9                alloc_page
                0x000000004011e3b9                alloc
                0x000000004011e651                alloc2
                0x000000004011e689                free
                0x000000004011e79c                realloc
                0x000000004011e8e8                free_page
                0x000000004011e8fb                free_page_phys
                0x000000004011e91e                mempool_new
                0x000000004011e98c                mempool_free
                0x000000004011ea3d                mempool_allocmem
                0x000000004011ec22                mempool_freemem
                0x000000004011eede                sym_to_phys
                0x000000004011eef2                phys_in_vmm
                0x000000004011ef0e                mm_force_unlock
                0x000000004011ef40                mm_process_alloc
                0x000000004011f110                mm_process_free
                0x000000004011f16d                mm_process_switch
                0x000000004011f18b                pmap_open_vmm
                0x000000004011f1b6                pmap_open_guest
                0x000000004011f1f8                pmap_close
                0x000000004011f1fe                pmap_getreadlevel
                0x000000004011f20a                pmap_setlevel
                0x000000004011f216                pmap_seek
                0x000000004011f286                pmap_read
                0x000000004011f514                pmap_write
                0x000000004011f6ac                mm_process_unmap
                0x000000004011f799                mm_process_unmap_stack
                0x000000004011f974                mm_process_unmapall
                0x000000004011fa1b                pmap_pointer
                0x000000004011fa86                pmap_clear
                0x000000004011fb7c                pmap_autoalloc
                0x000000004011fd29                mm_process_map_alloc
                0x000000004011fe6c                mm_process_map_shared_physpage
                0x000000004011fed6                mm_process_map_shared
                0x0000000040120134                mm_process_map_stack
                0x00000000401209de                pmap_dump
                0x0000000040120af6                unmapmem
                0x0000000040120bd7                mapmem
                0x000000004012111e                read_hphys_b
                0x0000000040121173                write_hphys_b
                0x00000000401211a5                read_hphys_w
                0x00000000401211dc                write_hphys_w
                0x000000004012120f                read_hphys_l
                0x0000000040121244                write_hphys_l
                0x0000000040121276                read_hphys_q
                0x00000000401212ad                write_hphys_q
                0x00000000401212e1                cmpxchg_hphys_l
                0x0000000040121335                cmpxchg_hphys_q
                0x0000000040121389                alloc_realmodemem
                0x000000004012142a                mapmem_hphys
                0x0000000040121442                mapmem_gphys
                0x000000004012145a                mm_flush_wb_cache
                0x0000000040121804                mmio_access_memory
                0x0000000040121962                mmio_access_page
                0x0000000040121a1e                mmio_register
                0x0000000040121c6d                mmio_unregister
                0x0000000040121cf4                mmio_lock
                0x0000000040121d0f                mmio_unlock
                0x0000000040121daf                msg_findname
                0x0000000040121e1f                msg_register
                0x0000000040121eee                msg_unregister
                0x0000000040121f69                msg_unregisterall
                0x0000000040121ff4                msg_unregister2
                0x00000000401220c1                call_read_msr
                0x00000000401220d5                call_write_msr
                0x0000000040122371                load_minios
                0x00000000401226a2                backtrace
                0x0000000040122ff8                panic
                0x00000000401234fd                auto_reboot
                0x000000004012351a                panic_test
                0x000000004012353d                pcpu_list_foreach
                0x000000004012357c                pcpu_list_add
                0x00000000401235d0                pcpu_init
                0x000000004012415a                vprintf
                0x0000000040124195                printf
                0x00000000401241d3                vsnprintf
                0x0000000040124217                snprintf
                0x0000000040124453                sys_msgsetfunc
                0x0000000040124500                sys_msgclose
                0x000000004012451d                sys_msgret
                0x0000000040124609                sys_msgregister
                0x000000004012483a                sys_msgsenddesc
                0x000000004012504c                sys_msgsendint
                0x000000004012537c                sys_newprocess
                0x00000000401253dd                sys_msgunregister
                0x0000000040125469                sys_exitprocess
                0x00000000401254be                sys_msgsendbuf
                0x0000000040125619                sys_msgopen
                0x000000004012567a                process_kill
                0x00000000401256db                msgsetfunc
                0x00000000401256f0                msgregister
                0x0000000040125706                msgopen
                0x0000000040125719                msgclose
                0x000000004012572b                msgsendint
                0x000000004012573f                msgsenddesc
                0x0000000040125753                newprocess
                0x0000000040125766                msgsendbuf
                0x0000000040125780                msgunregister
                0x00000000401257b0                exitprocess
                0x00000000401257c3                msgpremapbuf
                0x00000000401258df                process_syscall
                0x000000004012598a                putchar
                0x00000000401259c8                putchar_set_func
                0x0000000040125c9a                do_panic_reboot
                0x0000000040125d24                handle_init_to_bsp
                0x0000000040125d45                reboot_test
                0x0000000040125d74                savemsr_save
                0x0000000040125de1                savemsr_load
                0x0000000040126149                get_seg_base
                0x0000000040126205                get_seg_access_rights
                0x0000000040126225                segment_wakeup
                0x0000000040126267                segment_init_ap
                0x0000000040126506                serial_putDebugChar
                0x0000000040126518                serial_getDebugChar
                0x000000004012652d                serial_putchar
                0x000000004012658f                serial_init_iohook
                0x00000000401265d5                waitcycles
                0x00000000401265f8                usleep
                0x0000000040126717                sleep_set_timer_counter
                0x000000004012687e                vmctl_svm_init
                0x0000000040126926                message_exitcode
                0x0000000040126ea9                printexitcode
                0x0000000040126ed6                svm_available
                0x0000000040126f87                svm_reset
                0x0000000040127204                svm_vminit
                0x00000000401275ae                svm_vmexit
                0x00000000401275b4                svm_init
                0x00000000401276fb                svm_enable_resume
                0x0000000040127800                svm_resume
                0x0000000040127952                svm_ioio
                0x0000000040127a5c                svm_extern_iopass
                0x0000000040127bc4                svm_init_signal
                0x0000000040127be7                svm_start_vm
                0x0000000040128700                svm_msr_update_lma
                0x0000000040128775                svm_read_msr
                0x0000000040128a1a                svm_write_msr
                0x0000000040128f8d                svm_np_init
                0x0000000040129081                svm_np_pagefault
                0x00000000401290b9                svm_np_tlbflush
                0x00000000401290bf                svm_np_updatecr3
                0x00000000401290ca                svm_np_clear_all
                0x000000004012915d                svm_np_extern_mapsearch
                0x00000000401291e6                svm_np_map_1mb
                0x0000000040129240                svm_paging_extern_flush_tlb_entry
                0x0000000040129267                svm_paging_map_1mb
                0x0000000040129291                svm_paging_flush_guest_tlb
                0x00000000401292d0                svm_paging_init
                0x00000000401293ee                svm_paging_pagefault
                0x000000004012941a                svm_paging_tlbflush
                0x0000000040129441                svm_paging_invalidate
                0x000000004012946f                svm_paging_npf
                0x000000004012949b                svm_paging_updatecr3
                0x00000000401294c7                svm_paging_spt_setcr3
                0x00000000401294fb                svm_paging_clear_all
                0x0000000040129527                svm_paging_get_gpat
                0x0000000040129532                svm_paging_set_gpat
                0x0000000040129573                svm_paging_apply_fixed_cr0
                0x0000000040129596                svm_paging_apply_fixed_cr4
                0x00000000401295ba                svm_paging_pg_change
                0x00000000401295c0                svm_paging_start
                0x00000000401295d2                svm_panic_dump
                0x00000000401296a0                svm_read_general_reg
                0x00000000401297dc                svm_write_general_reg
                0x00000000401298e8                svm_read_control_reg
                0x0000000040129983                svm_write_control_reg
                0x0000000040129a5f                svm_read_sreg_sel
                0x0000000040129b20                svm_read_sreg_acr
                0x0000000040129bfb                svm_read_sreg_base
                0x0000000040129d17                svm_read_sreg_limit
                0x0000000040129e28                svm_read_ip
                0x0000000040129e47                svm_write_ip
                0x0000000040129e6d                svm_read_flags
                0x0000000040129e8c                svm_write_flags
                0x0000000040129ea8                svm_read_gdtr
                0x0000000040129edf                svm_write_gdtr
                0x0000000040129f08                svm_read_idtr
                0x0000000040129f3f                svm_write_idtr
                0x0000000040129f68                svm_write_realmode_seg
                0x000000004012a0a7                svm_writing_sreg
                0x000000004012a1be                int1a_TCG_StatusCheck
                0x000000004012a271                int1a_TCG_HashLogExtendEvent
                0x000000004012a2fc                int1a_TCG_PassThroughToTPM
                0x000000004012a387                int1a_TCG_HashLogEvent
                0x000000004012a408                int1a_TCG_HashAll
                0x000000004012a4c0                int1a_TCG_TSS
                0x000000004012a54b                int1a_TCG_CompactHashLogExtendEvent
                0x000000004012a5ac                tcg_measure
                0x000000004012a8a5                thread_gettid
                0x000000004012a8ba                schedule
                0x000000004012ab00                thread_new
                0x000000004012ac2d                thread_wakeup
                0x000000004012ad12                thread_will_stop
                0x000000004012ad8a                thread_exit
                0x000000004012ae2e                thread_start1
                0x000000004012ae4c                thread_set_process_switch
                0x000000004012aff4                get_cpu_time
                0x000000004012b0c7                get_acpi_time
                0x000000004012b178                get_time
                0x000000004012b355                timer_new
                0x000000004012b3d6                timer_set
                0x000000004012b4cc                timer_free
                0x000000004012b6be                tty_putchar
                0x000000004012b848                ttylog_stop
                0x000000004012b858                tty_udp_register
                0x000000004012b89c                tty_init_iohook
                0x000000004012b8c3                vcpu_list_foreach
                0x000000004012b902                load_new_vcpu
                0x000000004012b9c4                vga_register
                0x000000004012ba38                vga_is_ready
                0x000000004012ba98                vga_transfer_image
                0x000000004012bae6                vga_fill_rect
                0x000000004012bb21                vga_get_screen_size
                0x000000004012bc45                vmmcall
                0x000000004012bc9e                vmmcall_register
                0x000000004012bcdb                vmmcall_init
                0x000000004012c085                vmmcall_boot_continue
                0x000000004012c0d0                vmmcall_boot_enable
                0x000000004012c957                register_status_callback
                0x000000004012ca4c                vramwrite_clearscreen
                0x000000004012caae                vramwrite_putchar
                0x000000004012cc85                vramwrite_mark1
                0x000000004012ccc6                vramwrite_mark2
                0x000000004012cd0e                vramwrite_mark3
                0x000000004012cd57                vramwrite_save_and_move_cursor
                0x000000004012cd8e                vramwrite_restore_cursor
                0x000000004012cda0                vramwrite_get_cursor_pos
                0x000000004012cdee                vramwrite_init_global
                0x000000004012cdfb                vramwrite_exit_global
                0x000000004012ceae                vt_generate_pagefault
                0x000000004012cf37                vt_generate_external_int
                0x000000004012cf89                vmctl_vt_init
                0x000000004012d031                vt_vmptrld
                0x000000004012d342                vt_ept_init
                0x000000004012d43e                vt_ept_violation
                0x000000004012d657                vt_ept_tlbflush
                0x000000004012d65d                vt_ept_updatecr3
                0x000000004012d74f                vt_ept_clear_all
                0x000000004012d7e2                vt_ept_extern_mapsearch
                0x000000004012d86b                vt_ept_map_1mb
                0x000000004012d8bd                message_exitreason
                0x000000004012da23                printexitreason
                0x000000004012e2b5                vt_available
                0x000000004012e354                vt__vmx_init
                0x000000004012e39c                vt__vmxon
                0x000000004012e449                vt_vminit
                0x000000004012e4a5                vt_vmexit
                0x000000004012e4bf                vt_init
                0x000000004012e4cf                vt_enable_resume
                0x000000004012e608                vt_resume
                0x000000004012e795                vt_io
                0x000000004012e8b6                vt_iopass_init
                0x000000004012ea4b                vt_iopass
                0x000000004012ea8e                vt_extern_iopass
                0x000000004012f6be                vt_update_exception_bmp
                0x000000004012fd26                vt_init_signal
                0x000000004012fd31                vt_start_vm
                0x000000004013010a                vt_add_guest_msr
                0x0000000040130262                vt_read_guest_msr
                0x0000000040130295                vt_write_guest_msr
                0x00000000401302c5                vt_msr_update_lma
                0x000000004013039d                vt_read_msr
                0x0000000040130643                vt_write_msr
                0x0000000040130901                vt_msr_init
                0x0000000040130b03                vt_paging_extern_flush_tlb_entry
                0x0000000040130b67                vt_paging_map_1mb
                0x0000000040130b87                vt_paging_flush_guest_tlb
                0x0000000040130be7                vt_paging_pagefault
                0x0000000040130c1c                vt_paging_tlbflush
                0x0000000040130c39                vt_paging_invalidate
                0x0000000040130c6c                vt_paging_npf
                0x0000000040130ca1                vt_paging_updatecr3
                0x0000000040130cd1                vt_paging_spt_setcr3
                0x0000000040130cfc                vt_paging_clear_all
                0x0000000040130d2f                vt_paging_get_gpat
                0x0000000040130d3a                vt_paging_set_gpat
                0x0000000040130d8e                vt_paging_apply_fixed_cr0
                0x0000000040130df6                vt_paging_apply_fixed_cr4
                0x0000000040130e3e                vt_paging_pg_change
                0x0000000040130fbe                vt_paging_init
                0x0000000040131039                vt_paging_start
                0x0000000040131066                vt_panic_dump
                0x0000000040131210                vt_read_general_reg
                0x0000000040131331                vt_write_general_reg
                0x0000000040131425                vt_read_control_reg
                0x0000000040131493                vt_read_sreg_sel
                0x000000004013159c                vt_read_sreg_acr
                0x00000000401315f3                vt_read_sreg_base
                0x0000000040131675                vt_read_sreg_limit
                0x00000000401316f2                vt_read_ip
                0x0000000040131700                vt_write_ip
                0x0000000040131720                vt_read_flags
                0x0000000040131746                vt_write_flags
                0x0000000040131771                vt_read_gdtr
                0x0000000040131786                vt_write_gdtr
                0x000000004013179b                vt_read_idtr
                0x00000000401317df                vt_write_idtr
                0x0000000040131815                vt_write_control_reg
                0x0000000040131ce8                vt_get_current_regs_in_vmcs
                0x0000000040131f73                vt_get_vmcs_regs_in_vmcs
                0x00000000401320f0                vt_write_realmode_seg
                0x0000000040132239                vt_writing_sreg
                0x00000000401322c2                vt_reset
                0x00000000401325a0                prepare_for_sleep
                0x0000000040132661                cancel_sleep
                0x0000000040132683                wakeup_main
                0x000000004013270b                wakeup_cont
                0x0000000040132840                wakeup_init
                0x0000000040132889                call_xsetbv
                0x0000000040132900                mpumul_64_64
                0x0000000040132920                mpudiv_128_32
                0x0000000040132940                ipchecksum
                0x00000000401329d0                asm_vmlaunch_regs_32
                0x0000000040132a50                asm_vmresume_regs_32
                0x0000000040132ad0                asm_vmrun_regs_32
                0x0000000040132b30                asm_vmlaunch_regs_64
                0x0000000040132c10                asm_vmresume_regs_64
                0x0000000040132cf0                asm_vmrun_regs_64
                0x0000000040132d91                callrealmode_start
                0x0000000040132da7                callrealmode_start2
                0x0000000040133233                move_vmm_area32
                0x0000000040133233                callrealmode_end
                0x0000000040133258                move_vmm_area64
                0x0000000040133280                int_handler
                0x00000000401332f8                int_callfunc
                0x0000000040134000                syscall_entry_sysexit
                0x000000004013402c                syscall_entry_lret
                0x000000004013405c                ret_to_user32
                0x0000000040134068                syscall_entry_sysret64
                0x00000000401340b0                ret_to_user64
                0x0000000040135000                processuser_sysenter
                0x0000000040136000                processuser_no_sysenter
                0x0000000040137000                processuser_syscall
                0x0000000040138140                memset
                0x00000000401381c0                memcpy
                0x0000000040138200                strcmp
                0x0000000040138240                memcmp
                0x0000000040138280                strlen
                0x0000000040138298                sx_handler
                0x00000000401382f0                thread_switch
                0x0000000040138310                thread_start0
                0x000000004013834a                get_guest_cr3_value
                0x0000000040138358                get_guest_eptp_value
                0x0000000040138366                monitor_vmcs_read
                0x000000004013836f                monitor_vmcs_write
                0x0000000040138378                hypercall_handler
                0x00000000401383a6                get_page_table_base_GPA
                0x00000000401383bc                get_ept_base_HPA
                0x00000000401383d2                traverseGuestPages
                0x00000000401383dd                saveSystemCallHandlerAddress
                0x0000000040138451                getSystemCallHandlerGPA
                0x000000004013845e                save_guest_status
                0x00000000401387d8                clear_guest_status
                0x0000000040138ac6                restore_guest_status
                0x0000000040138de0                getTSSGVA
                0x0000000040138df0                getGuestRSP
                0x0000000040138e15                allocateNewVMID
                0x0000000040138e2b                allocateNewAppID
                0x0000000040138e43                allocateNewApplicationIdentifiers
                0x0000000040138e6d                protectCurrentApplication
                0x0000000040138eec                getMemoryOwnershipTableIndex
                0x0000000040138ef9                remapPage
                0x0000000040138f43                changePageStatus
                0x000000004013907a                closePage
                0x00000000401391a7                openPage
                0x0000000040139236                getMemoryOwnershipTableEntry
                0x000000004013926e                initializeNewProtectedApplication
                0x0000000040139297                getCurrentProtectedApplication
                0x000000004013931f                findProtectedApplicationFromRIP
                0x00000000401393c6                setCurrentProtectedApplication
                0x00000000401393d3                traverseIA32ePages
                0x00000000401396be                traverseIA32ePDPT
                0x00000000401398e6                traverseIA32ePDT
                0x0000000040139a59                traverseIA32ePT
                0x0000000040139b26                gvaToGPA
                0x0000000040139db4                mapHPAintoHVA
                0x0000000040139dc4                gpaToHPA
                0x000000004013a271                unmapHPAintoHVA
                0x000000004013a27c                monitor_memset
                0x000000004013a296                virt_to_phys
                0x000000004013a2a3                test_gpaToHPA
                0x000000004013a2ec                test_start
                0x000000004013a34a                test_traverseGuestPages
                0x000000004013a38a                test_logicalCPUStatus
                0x000000004013a3b1                restore_register
                0x000000004013a45e                handleSystemCall
                0x000000004013a484                initPagePool
                0x000000004013a4b6                findUnmappedPage
                0x000000004013a4f0                allocateNewZeroPage
                0x000000004013a550                core_init
                0x000000004013a561                core_mm_read_guest_phys
                0x000000004013a5db                core_mm_write_guest_phys
                0x000000004013a655                alloc_handler_descriptor
                0x000000004013a665                core_io_modify_handler
                0x000000004013a726                core_io_unregister_handler
                0x000000004013a7ad                core_io_handle_default
                0x000000004013aa45                panic_oom
                0x000000004013aa58                core_io_register_handler
                0x000000004013aba0                matched_drhd_u
                0x000000004013abfe                parse_dmar_bios_report
                0x000000004013ac49                ieee1394_init
                0x000000004013ac82                iommu_setup
                0x000000004013ac88                iodom_init
                0x000000004013ae58                add_remap
                0x000000004013aee2                create_dom
                0x000000004013b211                pci_conceal_new_device
                0x000000004013b5e7                pci_conceal_config_data_handler
                0x000000004013b60c                pci_save_config_addr
                0x000000004013b61e                pci_restore_config_addr
                0x000000004013b630                pci_append_device
                0x000000004013b662                pci_config_data_handler
                0x000000004013b995                pci_config_addr_handler
                0x000000004013b9de                pci_register_driver
                0x000000004013ba7d                pci_read_config_data8
                0x000000004013bac3                pci_read_config_data16
                0x000000004013bb0a                pci_read_config_data32
                0x000000004013bb50                pci_write_config_data8
                0x000000004013bb96                pci_write_config_data16
                0x000000004013bbdd                pci_write_config_data32
                0x000000004013bc23                pci_read_config_data_port
                0x000000004013bc55                pci_write_config_data_port
                0x000000004013bc8b                pci_handle_default_config_write
                0x000000004013bcbe                pci_print_device
                0x000000004013c029                pci_possible_new_device
                0x000000004013c051                security_storage_check_lba
                0x000000004013f386                ahci_new
                0x000000004013f610                ahci_config_read
                0x000000004013f677                ahci_config_write
                0x000000004013f92f                ata_bm_handle_command
                0x000000004013fa66                ata_bm_handle_status
                0x000000004013fb17                ata_bm_handle_prd_table
                0x000000004013fc16                ata_bm_handler
                0x000000004013fd19                ata_get_cmd_type
                0x0000000040140083                ata_handle_queued_status
                0x0000000040140a49                ata_channel_lock
                0x0000000040140ac5                ata_channel_unlock
                0x0000000040140aec                ata_cmdblk_handler
                0x0000000040140bfe                ata_ctlblk_handler
                0x000000004014182f                ata_ahci_mode
                0x0000000040141d35                ata_init_io_handler
                0x0000000040141dda                ata_set_bm_handler
                0x0000000040141e31                ata_set_cmdblk_handler
                0x0000000040141e6a                ata_set_ctlblk_handler
                0x0000000040141ea5                ata_config_read
                0x0000000040141f4b                ata_config_write
                0x00000000401420c5                ata_init_vendor
                0x00000000401420ec                ata_bm_handle_device_specific
                0x00000000401421f0                atapi_handle_config_data
                0x0000000040142430                atapi_handle_interrupt_reason
                0x0000000040142476                atapi_handle_pio_identify_packet
                0x0000000040142610                atapi_handle_packet_data
                0x000000004014261b                atapi_handle_cmd_packet
                0x0000000040142699                packet_handle_through
                0x00000000401426cc                packet_handle_nondata
                0x00000000401426e6                packet_handle_config
                0x0000000040142730                packet_handle_rw
                0x00000000401427b1                packet_handle_invalid
                0x00000000401427cb                packet_handle_command
                0x0000000040142800                uhci_init
                0x000000004014307f                uhci_current_frame_number
                0x00000000401430a0                dump_td_byvirt
                0x0000000040143279                dump_td
                0x000000004014334b                dump_qh
                0x0000000040143520                dump_frame
                0x000000004014362a                uhci_dump_all
                0x00000000401437ec                uhci_error_status_string
                0x0000000040143acb                uhci_shadow_buffer
                0x0000000040143d4e                uhci_framelist_monitor
                0x0000000040145cce                scan_gframelist
                0x000000004014657b                uhci_create_urb
                0x00000000401466df                uhci_destroy_urb
                0x000000004014680c                uhci_destroy_unlinked_urbs
                0x00000000401468e1                uhci_deactivate_urb
                0x0000000040146c6e                uhci_activate_urb
                0x000000004014722a                uhci_reactivate_urb
                0x00000000401472d0                uhci_submit_control
                0x0000000040147904                uhci_submit_interrupt
                0x000000004014796c                uhci_submit_bulk
                0x00000000401479d4                uhci_check_urb_advance
                0x0000000040147a0f                uhci_check_advance
                0x0000000040147c15                init_hframelist
                0x0000000040147ef1                ehci_conceal_portroute
                0x0000000040147f39                ehci_init
                0x0000000040149cf7                ehci_dump_qtd
                0x0000000040149d6a                ehci_dump_qtdm
                0x0000000040149d9f                ehci_dump_alist
                0x0000000040149e62                ehci_dump_urblist
                0x0000000040149ef8                ehci_dump_urb
                0x000000004014a3b5                ehci_dump_async
                0x000000004014a836                ehci_dump_all
                0x000000004014bdb3                ehci_shadow_buffer
                0x000000004014c06f                get_gurb_by_address
                0x000000004014c105                shadow_and_activate_urb
                0x000000004014c3e9                ehci_deactivate_urb
                0x000000004014c583                deactivate_and_delete_urb
                0x000000004014c7ec                ehci_check_urb_advance
                0x000000004014c9b6                ehci_check_advance
                0x000000004014cc04                ehci_shadow_async_list
                0x000000004014cd1e                ehci_cleanup_urbs
                0x000000004014ce8b                ehci_end_monitor_async
                0x000000004014cef4                ehci_monitor_async_list
                0x000000004014d5b3                ehci_submit_control
                0x000000004014db43                ehci_submit_bulk
                0x000000004014db4e                ehci_submit_interrupt
                0x000000004014f6f3                usbmsc_init_handle
                0x000000004014face                usbhub_init_handle
                0x000000004014fb47                hub_portdevice_register
                0x0000000040150210                usbccid_init_handle
                0x0000000040150330                usb_set_debug
                0x000000004015033c                usb_init
                0x0000000040150342                usb_find_busses
                0x0000000040150423                usb_get_busses
                0x0000000040150430                usb_get_bus
                0x000000004015045f                usb_find_devices
                0x00000000401504af                usb_open
                0x0000000040150519                usb_close
                0x0000000040150529                usb_resetep
                0x0000000040150534                usb_clear_halt
                0x000000004015053f                usb_reset
                0x000000004015054a                usb_claim_interface
                0x0000000040150558                usb_release_interface
                0x000000004015056a                usb_set_configuration
                0x0000000040150815                usb_set_altinterface
                0x0000000040150ac2                usb_control_msg
                0x0000000040150e11                usb_get_string
                0x000000004015114c                usb_get_string_simple
                0x000000004015134c                usb_get_descriptor
                0x000000004015168d                usb_get_descriptor_early
                0x00000000401519d6                usb_get_descriptor_by_endpoint
                0x0000000040151d1c                usb_bulk_write
                0x0000000040151f50                usb_interrupt_write
                0x0000000040152182                usb_bulk_read
                0x000000004015243e                usb_interrupt_read
                0x00000000401526fd                usb_register_host
                0x0000000040152818                usb_unregister_devices
                0x000000004015284a                usb_sc_lock
                0x00000000401528c2                usb_sc_unlock
                0x0000000040152fd8                free_config_descriptors
                0x0000000040153129                free_device
                0x0000000040153295                handle_connect_status
                0x0000000040153390                handle_port_reset
                0x0000000040153471                dprintf_port
                0x0000000040154419                usb_init_device_monitor
                0x0000000040154483                usb_new_dev_handle
                0x0000000040154534                usbhid_init_handle
                0x000000004015466a                usb_hook_process
                0x000000004015496a                usb_hook_register
                0x0000000040154a44                usb_hook_unregister
                0x0000000040154ac8                _dprintf
                0x0000000040154b15                _dprintft
                0x0000000040154bc8                pro100_io_handler
                0x0000000040154bd3                pro100_config_read
                0x0000000040154be8                pro100_config_write
                0x0000000040154d12                pro100_init
                0x0000000040154d2c                pro100_init_vpn_client
                0x0000000040154d6b                pro100_sleep
                0x0000000040154d9b                pro100_beep
                0x0000000040154dc5                pro100_get_ctx
                0x0000000040154e68                pro100_alloc_page
                0x0000000040154ea2                pro100_free_page
                0x0000000040154ec7                pro100_get_op_size
                0x0000000040154f0a                pro100_mem_read
                0x0000000040154f80                pro100_read_send_packet
                0x0000000040155192                pro100_mem_write
                0x0000000040155206                pro100_write
                0x0000000040155279                pro100_read
                0x00000000401552f8                pro100_wait_cu_ru_accepable
                0x0000000040155333                pro100_init_cu_base_addr
                0x0000000040155393                pro100_init_ru_base_addr
                0x00000000401553f3                pro100_flush
                0x000000004015540e                pro100_exec_cu_op
                0x0000000040155552                pro100_send_packet_to_line
                0x000000004015568f                pro100_generate_int
                0x00000000401556bf                pro100_write_recv_packet
                0x000000004015583b                pro100_proc_guest_op
                0x0000000040155a46                pro100_get_int_bit_string
                0x0000000040155abc                pro100_get_stat_ack_string
                0x0000000040155b27                pro100_get_cu_command_string
                0x0000000040155ba9                pro100_get_ru_command_string
                0x0000000040155bf3                pro100_init_recv_buffer
                0x0000000040155d2a                pro100_poll_ru
                0x0000000040155e25                pro100_hook_write
                0x00000000401560eb                pro100_hook_read
                0x00000000401562a2                pro100_mm_handler
                0x00000000401563f6                pro100_alloc_recv_buffer
                0x0000000040156463                pro100_new
                0x00000000401586b3                storage_premap_buf
                0x00000000401586be                storage_premap_handle_sectors
                0x00000000401589f2                storage_get_num_hc
                0x0000000040158a24                storage_hc_open
                0x0000000040158b18                storage_hc_close
                0x0000000040158b62                storage_hc_hook_register
                0x0000000040158bd9                storage_hc_hook_unregister
                0x0000000040158c73                storage_hc_register
                0x0000000040158e51                storage_hc_unregister
                0x0000000040158f5a                storage_hc_scandev
                0x0000000040158fa1                storage_hc_dev_open
                0x00000000401590de                storage_hc_dev_atacommand
                0x00000000401592b5                storage_hc_dev_close
                0x000000004015937d                storage_io_init
                0x0000000040159392                storage_io_deinit
                0x000000004015939d                storage_io_get_num_devices
                0x000000004015945b                storage_io_aget_size
                0x00000000401595cd                storage_io_aread
                0x000000004015980e                storage_io_awrite
                0x0000000040159f92                storage_handle_sectors
                0x000000004015a1db                storage_new
                0x000000004015a422                storage_free
                0x000000004015a621                storage_init
                0x000000004015a855                aes_xts_init
                0x000000004015a888                crypto_find
                0x000000004015a8db                crypto_register
                0x000000004015a92b                crypto_init
                0x000000004015a982                crypto_none_init
                0x000000004015a9ba                vpn_GetCurrentCpuId
                0x000000004015a9c5                vpn_GetTickCount
                0x000000004015a9f5                vpn_NewTimer
                0x000000004015aa0f                vpn_SetTimer
                0x000000004015aa23                vpn_FreeTimer
                0x000000004015aa2e                vpn_GetPhysicalNicInfo
                0x000000004015aa3d                vpn_SendPhysicalNic
                0x000000004015aa4c                vpn_SetPhysicalNicRecvCallback
                0x000000004015aa5b                vpn_GetVirtualNicInfo
                0x000000004015aa6b                vpn_SendVirtualNic
                0x000000004015aa7b                vpn_SetVirtualNicRecvCallback
                0x000000004015aa8b                vpn_premap_PhysicalNicRecv
                0x000000004015aaa4                vpn_premap_VirtualNicRecv
                0x000000004015aabd                vpn_premap_recvbuf
                0x000000004015aac8                vpn_ic_rsa_sign
                0x000000004015ab61                vpn_new_nic
                0x000000004015b171                msg_vpn_GetCurrentCpuId
                0x000000004015b18b                msg_vpn_ic_rsa_sign
                0x000000004015b237                msg_vpn_GetTickCount
                0x000000004015b275                msg_vpn_GetPhysicalNicInfo
                0x000000004015b2d9                msg_vpn_SendPhysicalNic
                0x000000004015b393                msg_vpn_SetPhysicalNicRecvCallback
                0x000000004015b3df                msg_vpn_GetVirtualNicInfo
                0x000000004015b443                msg_vpn_SendVirtualNic
                0x000000004015b4fd                msg_vpn_SetVirtualNicRecvCallback
                0x000000004015b549                msg_vpn_NewTimer
                0x000000004015b5b9                msg_vpn_SetTimer
                0x000000004015b68c                msg_vpn_FreeTimer
                0x000000004015b6f2                vpn_start
                0x000000004015ba7c                vpn_user_init
                0x000000004015bae0                SeFreeConfigEntryList
                0x000000004015bb3e                SeGetConfigEntry
                0x000000004015bbaf                SeGetConfigStr
                0x000000004015bbdc                SeGetConfigBool
                0x000000004015bc88                SeGetConfigInt
                0x000000004015bcac                SeGetConfigInt64
                0x000000004015bcd0                SeGetConfigBin
                0x000000004015bcf4                SeIsSplitChar
                0x000000004015bd67                SeGetKeyAndValue
                0x000000004015bef7                SeLoadConfigEntryListFromBuf
                0x000000004015c06f                SeLoadConfigEntryList
                0x000000004015c0c0                SePKeyPasswordCallbackFunction
                0x000000004015c0ed                SeDhFree
                0x000000004015c127                SeRsaVerifyWithPadding
                0x000000004015c201                SeRsaSignWithPadding
                0x000000004015c2c5                SeRsaPublicDecrypt
                0x000000004015c36e                SeRsaPrivateEncrypt
                0x000000004015c417                SeRsaPrivateDecrypt
                0x000000004015c4b8                SeRsaPublicEncrypt
                0x000000004015c559                SeGetCertSha1
                0x000000004015c5a1                SeGetCertMd5
                0x000000004015c5e9                SeBinToBigNum
                0x000000004015c634                SeBufToBigNum
                0x000000004015c64f                SeDhCompute
                0x000000004015c6db                SeBigNumToBuf
                0x000000004015c774                SeRsaPublicSize
                0x000000004015c7bf                SeRsaPublicToBin
                0x000000004015c823                SeRsaPublicToBuf
                0x000000004015c867                SeDhNew
                0x000000004015c93d                SeDhNewGroup2
                0x000000004015c952                SeCheckSignature
                0x000000004015c97c                SeGetKeyFromCert
                0x000000004015c9b8                SeCompareCert
                0x000000004015c9e2                SeCheckCertAndKey
                0x000000004015ca0c                SeIsBase64
                0x000000004015cacd                SeFreePKey
                0x000000004015cadd                SeFreeKey
                0x000000004015cb05                SeIsCertSignedByCert
                0x000000004015cb75                SeCheckCert
                0x000000004015cbdb                SeBioToKey
                0x000000004015cce9                SeGetCertIssuerName
                0x000000004015cd75                SeGetCertSubjectName
                0x000000004015cdff                SeFreeX509
                0x000000004015ce0f                SeFreeCert
                0x000000004015ce3d                SeFreeBio
                0x000000004015ce4d                SeNewBio
                0x000000004015ce60                SeCertToBio
                0x000000004015cec1                SeKeyToBio
                0x000000004015cfbd                SeRsaGen
                0x000000004015d128                SeBioToBuf
                0x000000004015d1c9                SeCertToBuf
                0x000000004015d214                SeSaveCert
                0x000000004015d275                SeKeyToBuf
                0x000000004015d2c0                SeSaveKey
                0x000000004015d324                SeX509ToCert
                0x000000004015d3dc                SeBioToCert
                0x000000004015d427                SeBigNumToStr
                0x000000004015d493                SeBufToBio
                0x000000004015d4ec                SeBufToKey
                0x000000004015d558                SeLoadKey
                0x000000004015d603                SeCloneKey
                0x000000004015d66d                SeBufToCert
                0x000000004015d6c2                SeLoadCert
                0x000000004015d70f                SeCloneCert
                0x000000004015d760                SeSha1
                0x000000004015d780                SeHashForSignBySHA1
                0x000000004015d82a                SeRsaSignWithSha1
                0x000000004015d8cd                SeRsaVerifyWithSha1
                0x000000004015d96f                SeMacSha1
                0x000000004015dac6                SeMacSha196
                0x000000004015db0d                SeMd5
                0x000000004015db2d                SeDes3Encrypt
                0x000000004015dbc5                SeDes3Decrypt
                0x000000004015dc5f                SeDesNewKeyValue
                0x000000004015dcb1                SeDes3NewKey
                0x000000004015dd32                SeDesNewKey
                0x000000004015dd43                SeDesRandKeyValue
                0x000000004015dd5f                SeDesRandKey
                0x000000004015dda9                SeDes3RandKey
                0x000000004015ddf2                SeDesFreeKeyValue
                0x000000004015de1a                SeDes3FreeKey
                0x000000004015de54                SeDesFreeKey
                0x000000004015de5f                SeRand
                0x000000004015de73                SeRand64
                0x000000004015de8f                SeRand32
                0x000000004015deaa                SeRand16
                0x000000004015dec6                SeRand8
                0x000000004015dee2                SeRand1
                0x000000004015def5                SeInitCrypto
                0x000000004015df38                SeFreeCrypto
                0x000000004015df50                SeIkeStrToPassword
                0x000000004015dfbd                SeIkePhase1CryptIdToKeySize
                0x000000004015dfdc                SeIkePhase2CryptIdToKeySize
                0x000000004015dffb                SeIkeStrToPhase1CryptId
                0x000000004015e061                SeIkeStrToPhase1HashId
                0x000000004015e0a0                SeIkeStrToPhase2CryptId
                0x000000004015e10b                SeIkeStrToPhase2HashId
                0x000000004015e14a                SeIkeIsZeroIP
                0x000000004015e178                SeIkeInitIPv6Address
                0x000000004015e1c5                SeIkeInitIPv4Address
                0x000000004015e208                SeIkeGetIPv6Address
                0x000000004015e242                SeIkeGetIPv4Address
                0x000000004015e25b                SeIkeIpAddressToStr
                0x000000004015e2b5                SeIkeBuildDataPayload
                0x000000004015e2fe                SeIkeBuildTransformValue
                0x000000004015e3b8                SeIkeBuildTransformValueList
                0x000000004015e420                SeIkeBuildTransformPayload
                0x000000004015e49d                SeIkeBuildIdPayload
                0x000000004015e514                SeIkeBuildCertPayload
                0x000000004015e577                SeIkeBuildCertRequestPayload
                0x000000004015e5da                SeIkeBuildNoticePayload
                0x000000004015e667                SeIkeBuildDeletePayload
                0x000000004015e737                SeIkeGetFirstPayloadType
                0x000000004015e756                SeIkeBuildPayloadList
                0x000000004015e861                SeIkeBuildProposalPayload
                0x000000004015e90c                SeIkeBuildSaPayload
                0x000000004015e995                SeIkeBuildPayload
                0x000000004015ea6e                SeIkeGetPayload
                0x000000004015eabc                SeIkeGetPayloadNum
                0x000000004015eaf8                SeIkeNewPayload
                0x000000004015eb16                SeIkeNewDataPayload
                0x000000004015eb66                SeIkeNewSaPayload
                0x000000004015eb91                SeIkeNewProposalPayload
                0x000000004015ec1b                SeIkeNewTransformPayload
                0x000000004015ec66                SeIkeNewIdPayload
                0x000000004015ece6                SeIkeNewCertPayload
                0x000000004015ed4a                SeIkeNewCertRequestPayload
                0x000000004015edae                SeIkeNewNoticePayload
                0x000000004015ee4a                SeIkeNewDeletePayload
                0x000000004015ee86                SeIkeNewTransformValue
                0x000000004015eeb5                SeIkeFreeTransformValueList
                0x000000004015eef1                SeIkeParseTransformValueList
                0x000000004015f05d                SeIkeParseTransformPayload
                0x000000004015f0c9                SeIkeFreeTransformPayload
                0x000000004015f0f7                SeIkeParseIdPayload
                0x000000004015f174                SeIkeFreeIdPayload
                0x000000004015f1a2                SeIkeParseCertPayload
                0x000000004015f20b                SeIkeFreeCertPayload
                0x000000004015f239                SeIkeParseCertRequestPayload
                0x000000004015f2a2                SeIkeFreeCertRequestPayload
                0x000000004015f2d0                SeIkeParseNoticePayload
                0x000000004015f394                SeIkeFreeNoticePayload
                0x000000004015f3d8                SeIkeFreeDeletePayload
                0x000000004015f437                SeIkeParseDeletePayload
                0x000000004015f545                SeIkeParseDataPayload
                0x000000004015f57f                SeIkeFreeDataPayload
                0x000000004015f592                SeIkeFreePayloadList
                0x000000004015f5ce                SeIkeParsePayloadListEx
                0x000000004015f751                SeIkeParsePayloadList
                0x000000004015f764                SeIkeParseProposalPayload
                0x000000004015f814                SeIkeParseSaPayload
                0x000000004015f8e1                SeIkeParsePayload
                0x000000004015f9e1                SeIkeFreeProposalPayload
                0x000000004015fa25                SeIkeFreeSaPayload
                0x000000004015fa51                SeIkeFreePayload
                0x000000004015faf8                SeIkeEncrypt
                0x000000004015fbb3                SeIkeEncryptWithPadding
                0x000000004015fc63                SeIkeBuild
                0x000000004015fdbc                SeIkeDecrypt
                0x000000004015fe77                SeIkeFree
                0x000000004015feb3                SeIkeParseEx
                0x000000004016009b                SeIkeParse
                0x00000000401600ab                SeIkeParseHeader
                0x00000000401600bb                SeIkeNew
                0x0000000040160140                VPN_IPsec_Client_Start
                0x0000000040160166                VPN_IPsec_Client_Stop
                0x0000000040160176                SeIntInit
                0x0000000040160199                SeIntFree
                0x00000000401601b3                VPN_IPsec_Init
                0x000000004016020f                VPN_IPsec_Free
                0x0000000040160241                SeSysMemoryAlloc
                0x000000004016025d                SeSysMemoryReAlloc
                0x0000000040160286                SeSysMemoryFree
                0x000000004016029e                SeSysGetCurrentCpuId
                0x00000000401602b6                SeSysNewLock
                0x00000000401602ce                SeSysLock
                0x00000000401602e6                SeSysUnlock
                0x00000000401602fe                SeSysFreeLock
                0x0000000040160316                SeSysGetTickCount
                0x000000004016032e                SeSysNewTimer
                0x0000000040160352                SeSysSetTimer
                0x000000004016036a                SeSysFreeTimer
                0x0000000040160382                SeSysGetPhysicalNicInfo
                0x000000004016039f                SeSysSendPhysicalNic
                0x00000000401603c5                SeSysSetPhysicalNicRecvCallback
                0x00000000401603e7                SeSysGetVirtualNicInfo
                0x0000000040160404                SeSysSendVirtualNic
                0x000000004016042d                SeSysSetVirtualNicRecvCallback
                0x0000000040160452                SeSysSaveData
                0x0000000040160479                SeSysLoadData
                0x00000000401604a0                SeSysFreeData
                0x00000000401604bb                SeSysRsaSign
                0x00000000401604f3                SeSysLog
                0x0000000040160521                SeRsaSign
                0x00000000401605c0                Se4ParseIpPacketUDPv4
                0x00000000401606bb                Se4FreeIpHeaderInfo
                0x00000000401606ef                Se4IpChecksum
                0x0000000040160762                Se4IpCheckChecksum
                0x00000000401607b1                Se4ParseIpPacketICMPv4
                0x00000000401608e0                Se4BuildIcmpEchoPacket
                0x000000004016099c                Se4AdjustTcpMss
                0x0000000040160b41                Se4Tick
                0x0000000040160b59                Se4BroadcastMacAddress
                0x0000000040160b64                Se4SendEthPacket
                0x0000000040160c3b                Se4SendIpFragmentNow
                0x0000000040160c64                Se4InitArpEntryList
                0x0000000040160c74                Se4FreeArpEntryList
                0x0000000040160cb0                Se4FlushArpEntryList
                0x0000000040160d5d                Se4SearchArpEntryList
                0x0000000040160de9                Se4AddArpEntryList
                0x0000000040160ed6                Se4SearchArpWaitList
                0x0000000040160f1e                Se4InitArpWaitList
                0x0000000040160f2e                Se4FreeArpWaitList
                0x0000000040160f6a                Se4InsertIpWait
                0x0000000040160fec                Se4InitIpWaitList
                0x0000000040160ffc                Se4FreeIpWait
                0x0000000040161025                Se4FlushIpWaitList
                0x00000000401610e7                Se4FreeIpWaitList
                0x0000000040161123                Se4InitIpCombineList
                0x0000000040161133                Se4SearchIpCombineList
                0x00000000401611a9                Se4InitIpFragmentList
                0x00000000401611b9                Se4InsertIpCombine
                0x00000000401612b8                Se4FreeIpFragmentList
                0x00000000401612f4                Se4FreeIpCombine
                0x000000004016132c                Se4FlushIpCombineList
                0x0000000040161415                Se4FreeIpCombineList
                0x0000000040161463                Se4Free
                0x00000000401614a7                Se4And
                0x00000000401614d6                Se4GetNetworkAddress
                0x00000000401614e1                Se4Or
                0x0000000040161510                Se4Not
                0x000000004016153a                Se4GetBroadcastAddress
                0x000000004016157f                Se4GetHostAddress
                0x0000000040161599                Se4GenerateSubnetMask32
                0x00000000401615ba                Se4IPToStr
                0x00000000401615fd                Se4ZeroIP
                0x0000000040161618                Se4StrToIP
                0x00000000401616b9                Se4IPToUINT
                0x00000000401616db                Se4StrToIP32
                0x00000000401616ed                Se4IsZeroIP
                0x0000000040161700                Se4Init
                0x0000000040161816                Se4Cmp
                0x000000004016184f                Se4CheckUnicastAddress
                0x00000000401618a0                Se4IsInSameNetwork
                0x00000000401618ef                Se4CmpIpCombineList
                0x000000004016198d                Se4SendWaitingIpWait
                0x0000000040161a6e                Se4MacIpRelationKnown
                0x0000000040161b1a                Se4CmpArpWaitEntry
                0x0000000040161b51                Se4CmpArpEntry
                0x0000000040161b88                Se4ParseIpPacket
                0x0000000040161cde                Se4IsBroadcastAddress
                0x0000000040161cf2                Se4SendArpResponse
                0x0000000040161dd9                Se4SendArpDoProcess
                0x0000000040161edf                Se4ProcessArpWaitList
                0x0000000040161f93                Se4MainProc
                0x0000000040161fc4                Se4SendArpRequest
                0x0000000040162039                Se4UINTToIP
                0x000000004016205b                Se4IPToStr32
                0x000000004016207f                Se4GenerateSubnetMask
                0x0000000040162091                Se4IsSubnetMask
                0x00000000401620ce                Se4RecvArpResponse
                0x0000000040162113                Se4RecvArpRequest
                0x000000004016223d                Se4RecvArp
                0x00000000401622fa                Se4SendRawIp
                0x000000004016245d                Se4SendIpFragment
                0x0000000040162590                Se4SendIp
                0x0000000040162672                Se4SendUdp
                0x00000000401627a4                Se4SendIcmp
                0x000000004016285d                Se4SendIcmpEchoResponse
                0x00000000401628f2                Se4RecvIpComplete
                0x00000000401629bf                Se4CombineIp
                0x0000000040162bbd                Se4SendIcmpEchoRequest
                0x0000000040162c52                Se4RecvIp
                0x0000000040162eec                Se4RecvEthPacket
                0x0000000040162f80                Se6FreeIpHeaderInfo
                0x0000000040162fb4                Se6IpChecksum
                0x0000000040163027                Se6CalcChecksum
                0x00000000401630e8                Se6ParseIpPacketICMPv6
                0x0000000040163326                Se6ParseIpPacketUDPv6
                0x0000000040163475                Se6BuildIcmpEchoPacket
                0x000000004016355e                Se6BroadcastMacAddress
                0x0000000040163569                Se6SendEthPacket
                0x0000000040163640                Se6SendIpFragmentNow
                0x0000000040163669                Se6InitNeighborEntryList
                0x0000000040163679                Se6FreeNeighborEntryList
                0x00000000401636b5                Se6FlushNeighborEntryList
                0x0000000040163762                Se6SearchNeighborEntryList
                0x00000000401637b9                Se6AddNeighborEntryList
                0x00000000401638a3                Se6SearchNdpWaitList
                0x00000000401638f2                Se6InitNdpWaitList
                0x0000000040163902                Se6FreeNdpWaitList
                0x000000004016393e                Se6InsertIpWait
                0x00000000401639cd                Se6InitIpWaitList
                0x00000000401639dd                Se6FreeIpWait
                0x0000000040163a06                Se6FreeIpWaitList
                0x0000000040163a42                Se6InitIpCombineList
                0x0000000040163a52                Se6SearchIpCombineList
                0x0000000040163af6                Se6InitIpFragmentList
                0x0000000040163b06                Se6FreeIpFragmentList
                0x0000000040163b42                Se6FreeIpCombine
                0x0000000040163b7d                Se6FreeIpCombineList
                0x0000000040163bcb                Se6Free
                0x0000000040163c1b                Se6Tick
                0x0000000040163c33                Se6InsertIpCombine
                0x0000000040163d6a                Se6FlushIpCombineList
                0x0000000040163e56                Se6FlushIpWaitList
                0x0000000040163f1e                Se6GenerateEui64Address
                0x0000000040163f7f                Se6GenerateMulticastMacAddress
                0x0000000040163fb5                Se6GetAllNodeMulticastAddr
                0x0000000040163fe1                Se6GetAllRouterMulticastAddr
                0x000000004016400d                Se6And
                0x000000004016404b                Se6GetPrefixAddress
                0x000000004016405a                Se6Or
                0x0000000040164098                Se6Not
                0x00000000401640cc                Se6GetHostAddress
                0x0000000040164108                Se6GenerateSubnetMask
                0x000000004016416d                Se6GetSoliciationMulticastAddr
                0x000000004016421e                Se6LocalSubnet
                0x0000000040164232                Se6Cmp
                0x000000004016425e                Se6GetIPAddrType
                0x000000004016436c                Se6IsInSameNetwork
                0x0000000040164433                Se6SendRawIp
                0x00000000401645a5                Se6SendIpFragment
                0x00000000401645c1                Se6SendIp
                0x000000004016473e                Se6SendUdp
                0x000000004016486a                Se6SendIcmp
                0x0000000040164966                Se6SendIcmpNeighborSoliciation
                0x0000000040164adc                Se6SendNeighborSoliciationDoProcess
                0x0000000040164b96                Se6SendNeighborSoliciation
                0x0000000040164c1e                Se6ProcessNdpWaitList
                0x0000000040164cd8                Se6SendIcmpNeighborAdvertisement
                0x0000000040164e1c                Se6SendIcmpEchoResponse
                0x0000000040164ee1                Se6SendIcmpEchoRequest
                0x0000000040164fa6                Se6IsSubnetMask
                0x0000000040165008                Se6SubnetMaskToInt
                0x0000000040165062                Se6SendIcmpRouterAdvertisement
                0x000000004016523a                Se6MainProc
                0x0000000040165294                Se6CmpIpCombineList
                0x0000000040165325                Se6SendWaitingIpWait
                0x000000004016541c                Se6MacIpRelationKnown
                0x000000004016553e                Se6CmpNdpWaitEntry
                0x000000004016557f                Se6CmpNeighborEntry
                0x00000000401655c0                Se6ParseIpPacket
                0x0000000040165762                Se6IsZeroIP
                0x0000000040165782                Se6CheckUnicastAddress
                0x00000000401657b6                Se6IsNetworkPrefixAddress
                0x00000000401657f8                Se6IsGuestNode
                0x000000004016589c                Se6AddGuestNode
                0x0000000040165970                Se6RecvIpComplete
                0x0000000040165c27                Se6CombineIp
                0x0000000040165e3d                Se6RecvIp
                0x000000004016607a                Se6RecvEthPacket
                0x00000000401660ec                Se6IPToStr
                0x000000004016624a                Se6IPItemStrToChars
                0x000000004016632a                Se6CheckIPItemStr
                0x0000000040166393                Se6ZeroIP
                0x00000000401663b3                Se6StrToIP
                0x000000004016657f                Se6GenerateEui64LocalAddress
                0x00000000401665f2                Se6Init
                0x0000000040166751                Se6GenerateEui64GlobalAddress
                0x0000000040166852                Se6CheckSubnetLength
                0x0000000040166870                SeTimerEntryCompare
                0x00000000401668b0                SeEthGetInfo
                0x00000000401668d4                SeEthSendAdd
                0x0000000040166907                SeEthParseEthernetPacket
                0x0000000040166a08                SeEthGenRandMacAddress
                0x0000000040166a5a                SeLoad
                0x0000000040166abf                SeSave
                0x0000000040166adb                SeTick
[...]
svm_paging_invalidate                             output.o
svm_paging_map_1mb                                output.o
svm_paging_npf                                    output.o
svm_paging_pagefault                              output.o
svm_paging_pg_change                              output.o
svm_paging_set_gpat                               output.o
svm_paging_spt_setcr3                             output.o
svm_paging_start                                  output.o
svm_paging_tlbflush                               output.o
svm_paging_updatecr3                              output.o
svm_panic_dump                                    output.o
svm_read_control_reg                              output.o
svm_read_flags                                    output.o
svm_read_gdtr                                     output.o
svm_read_general_reg                              output.o
svm_read_idtr                                     output.o
svm_read_ip                                       output.o
svm_read_msr                                      output.o
svm_read_sreg_acr                                 output.o
svm_read_sreg_base                                output.o
svm_read_sreg_limit                               output.o
svm_read_sreg_sel                                 output.o
svm_reset                                         output.o
svm_resume                                        output.o
svm_start_vm                                      output.o
svm_vmexit                                        output.o
svm_vminit                                        output.o
svm_write_control_reg                             output.o
svm_write_flags                                   output.o
svm_write_gdtr                                    output.o
svm_write_general_reg                             output.o
svm_write_idtr                                    output.o
svm_write_ip                                      output.o
svm_write_msr                                     output.o
svm_write_realmode_seg                            output.o
svm_writing_sreg                                  output.o
sx_handler                                        output.o
sym_to_phys                                       output.o
sync_all_processors                               output.o
sys_exitprocess                                   output.o
sys_msgclose                                      output.o
sys_msgopen                                       output.o
sys_msgregister                                   output.o
sys_msgret                                        output.o
sys_msgsendbuf                                    output.o
sys_msgsenddesc                                   output.o
sys_msgsendint                                    output.o
sys_msgsetfunc                                    output.o
sys_msgunregister                                 output.o
sys_newprocess                                    output.o
syscallHandlerAddress                             output.o
syscall_entry_lret                                output.o
syscall_entry_sysexit                             output.o
syscall_entry_sysret64                            output.o
syscall_metatata_table                            output.o
target                                            output.o
tcg_measure                                       output.o
test_gpaToHPA                                     output.o
test_logicalCPUStatus                             output.o
test_start                                        output.o
test_traverseGuestPages                           output.o
thread_exit                                       output.o
thread_gettid                                     output.o
thread_new                                        output.o
thread_set_process_switch                         output.o
thread_start0                                     output.o
thread_start1                                     output.o
thread_switch                                     output.o
thread_wakeup                                     output.o
thread_will_stop                                  output.o
timer_free                                        output.o
timer_new                                         output.o
timer_set                                         output.o
traverseGuestPages                                output.o
traverseIA32ePDPT                                 output.o
traverseIA32ePDT                                  output.o
traverseIA32ePT                                   output.o
traverseIA32ePages                                output.o
tree_find_sk                                      output.o
tty_init_iohook                                   output.o
tty_putchar                                       output.o
tty_udp_register                                  output.o
ttylog_stop                                       output.o
uhci_activate_urb                                 output.o
uhci_check_advance                                output.o
uhci_check_urb_advance                            output.o
uhci_create_urb                                   output.o
uhci_current_frame_number                         output.o
uhci_deactivate_urb                               output.o
uhci_destroy_unlinked_urbs                        output.o
uhci_destroy_urb                                  output.o
uhci_dump_all                                     output.o
uhci_error_status_string                          output.o
uhci_framelist_monitor                            output.o
uhci_init                                         output.o
uhci_monitor_boost_hc                             output.o
uhci_reactivate_urb                               output.o
uhci_shadow_buffer                                output.o
uhci_submit_bulk                                  output.o
uhci_submit_control                               output.o
uhci_submit_interrupt                             output.o
unmapHPAintoHVA                                   output.o
unmapmem                                          output.o
update_mtrr_and_pat                               output.o
usb_bulk_read                                     output.o
usb_bulk_write                                    output.o
usb_busses_head                                   output.o
usb_claim_interface                               output.o
usb_clear_halt                                    output.o
usb_close                                         output.o
usb_control_msg                                   output.o
usb_find_busses                                   output.o
usb_find_devices                                  output.o
usb_get_bus                                       output.o
usb_get_busses                                    output.o
usb_get_descriptor                                output.o
usb_get_descriptor_by_endpoint                    output.o
usb_get_descriptor_early                          output.o
usb_get_string                                    output.o
usb_get_string_simple                             output.o
usb_hc_list_head                                  output.o
usb_hook_process                                  output.o
usb_hook_register                                 output.o
usb_hook_unregister                               output.o
usb_init                                          output.o
usb_init_device_monitor                           output.o
usb_interrupt_read                                output.o
usb_interrupt_write                               output.o
usb_log_level                                     output.o
usb_new_dev_handle                                output.o
usb_open                                          output.o
usb_register_host                                 output.o
usb_release_interface                             output.o
usb_reset                                         output.o
usb_resetep                                       output.o
usb_sc_lock                                       output.o
usb_sc_unlock                                     output.o
usb_set_altinterface                              output.o
usb_set_configuration                             output.o
usb_set_debug                                     output.o
usb_unregister_devices                            output.o
usbccid_init_handle                               output.o
usbhid_init_handle                                output.o
usbhub_init_handle                                output.o
usbmsc_init_handle                                output.o
use_pae                                           output.o
usleep                                            output.o
v2i_ASN1_BIT_STRING                               output.o
v2i_GENERAL_NAME                                  output.o
v2i_GENERAL_NAMES                                 output.o
v2i_GENERAL_NAME_ex                               output.o
v3_akey_id                                        output.o
v3_alt                                            output.o
v3_bcons                                          output.o
v3_cpols                                          output.o
v3_crl_hold                                       output.o
v3_crl_invdate                                    output.o
v3_crl_num                                        output.o
v3_crl_reason                                     output.o
v3_crld                                           output.o
v3_delta_crl                                      output.o
v3_ext_ku                                         output.o
v3_freshest_crl                                   output.o
v3_idp                                            output.o
v3_info                                           output.o
v3_inhibit_anyp                                   output.o
v3_key_usage                                      output.o
v3_name_constraints                               output.o
v3_ns_ia5_list                                    output.o
v3_nscert                                         output.o
v3_ocsp_accresp                                   output.o
v3_ocsp_acutoff                                   output.o
v3_ocsp_crlid                                     output.o
v3_ocsp_nocheck                                   output.o
v3_ocsp_nonce                                     output.o
v3_ocsp_serviceloc                                output.o
v3_pci                                            output.o
v3_pkey_usage_period                              output.o
v3_policy_constraints                             output.o
v3_policy_mappings                                output.o
v3_sinfo                                          output.o
v3_skey_id                                        output.o
v3_sxnet                                          output.o
vcpu_list_foreach                                 output.o
vga_fill_rect                                     output.o
vga_get_screen_size                               output.o
vga_is_ready                                      output.o
vga_register                                      output.o
vga_transfer_image                                output.o
virt_to_phys                                      output.o
vmctl_svm_init                                    output.o
vmctl_vt_init                                     output.o
vmm_base_cr3                                      output.o
vmm_main                                          output.o
vmm_pd                                            output.o
vmm_pd1                                           output.o
vmm_pd2                                           output.o
vmm_pdp                                           output.o
vmm_pml4                                          output.o
vmm_start_inf                                     output.o
vmm_term_inf                                      output.o
vmmcall                                           output.o
vmmcall_boot_continue                             output.o
vmmcall_boot_enable                               output.o
vmmcall_init                                      output.o
vmmcall_register                                  output.o
vmmsize                                           output.o
vpn_FreeTimer                                     output.o
vpn_GetCurrentCpuId                               output.o
vpn_GetPhysicalNicInfo                            output.o
vpn_GetTickCount                                  output.o
vpn_GetVirtualNicInfo                             output.o
vpn_NewTimer                                      output.o
vpn_SendPhysicalNic                               output.o
vpn_SendVirtualNic                                output.o
vpn_SetPhysicalNicRecvCallback                    output.o
vpn_SetTimer                                      output.o
vpn_SetVirtualNicRecvCallback                     output.o
vpn_ic_rsa_sign                                   output.o
vpn_new_nic                                       output.o
vpn_premap_PhysicalNicRecv                        output.o
vpn_premap_VirtualNicRecv                         output.o
vpn_premap_recvbuf                                output.o
vpn_start                                         output.o
vpn_user_init                                     output.o
vprintf                                           output.o
vramwrite_clearscreen                             output.o
vramwrite_exit_global                             output.o
vramwrite_get_cursor_pos                          output.o
vramwrite_init_global                             output.o
vramwrite_mark1                                   output.o
vramwrite_mark2                                   output.o
vramwrite_mark3                                   output.o
vramwrite_putchar                                 output.o
vramwrite_restore_cursor                          output.o
vramwrite_save_and_move_cursor                    output.o
vsnprintf                                         output.o
vt__vmx_init                                      output.o
vt__vmxon                                         output.o
vt_add_guest_msr                                  output.o
vt_available                                      output.o
vt_enable_resume                                  output.o
vt_ept_clear_all                                  output.o
vt_ept_extern_mapsearch                           output.o
vt_ept_init                                       output.o
vt_ept_map_1mb                                    output.o
vt_ept_tlbflush                                   output.o
vt_ept_updatecr3                                  output.o
vt_ept_violation                                  output.o
vt_extern_iopass                                  output.o
vt_generate_external_int                          output.o
vt_generate_pagefault                             output.o
vt_get_current_regs_in_vmcs                       output.o
vt_get_vmcs_regs_in_vmcs                          output.o
vt_init                                           output.o
vt_init_signal                                    output.o
vt_io                                             output.o
vt_iopass                                         output.o
vt_iopass_init                                    output.o
vt_msr_init                                       output.o
vt_msr_update_lma                                 output.o
vt_paging_apply_fixed_cr0                         output.o
vt_paging_apply_fixed_cr4                         output.o
vt_paging_clear_all                               output.o
vt_paging_extern_flush_tlb_entry                  output.o
vt_paging_flush_guest_tlb                         output.o
vt_paging_get_gpat                                output.o
vt_paging_init                                    output.o
vt_paging_invalidate                              output.o
vt_paging_map_1mb                                 output.o
vt_paging_npf                                     output.o
vt_paging_pagefault                               output.o
vt_paging_pg_change                               output.o
vt_paging_set_gpat                                output.o
vt_paging_spt_setcr3                              output.o
vt_paging_start                                   output.o
vt_paging_tlbflush                                output.o
vt_paging_updatecr3                               output.o
vt_panic_dump                                     output.o
vt_read_control_reg                               output.o
vt_read_flags                                     output.o
vt_read_gdtr                                      output.o
vt_read_general_reg                               output.o
vt_read_guest_msr                                 output.o
vt_read_idtr                                      output.o
vt_read_ip                                        output.o
vt_read_msr                                       output.o
vt_read_sreg_acr                                  output.o
vt_read_sreg_base                                 output.o
vt_read_sreg_limit                                output.o
vt_read_sreg_sel                                  output.o
vt_reset                                          output.o
vt_resume                                         output.o
vt_start_vm                                       output.o
vt_update_exception_bmp                           output.o
vt_vmexit                                         output.o
vt_vminit                                         output.o
vt_vmptrld                                        output.o
vt_write_control_reg                              output.o
vt_write_flags                                    output.o
vt_write_gdtr                                     output.o
vt_write_general_reg                              output.o
vt_write_guest_msr                                output.o
vt_write_idtr                                     output.o
vt_write_ip                                       output.o
vt_write_msr                                      output.o
vt_write_realmode_seg                             output.o
vt_writing_sreg                                   output.o
waitcycles                                        output.o
wakeup_cont                                       output.o
wakeup_entry_addr                                 output.o
wakeup_entry_cr0                                  output.o
wakeup_entry_cr3                                  output.o
wakeup_entry_cr4                                  output.o
wakeup_entry_end                                  output.o
wakeup_entry_gdtr                                 output.o
wakeup_entry_start                                output.o
wakeup_init                                       output.o
wakeup_main                                       output.o
whirlpool_block                                   output.o
write_gphys_b                                     output.o
write_gphys_l                                     output.o
write_gphys_q                                     output.o
write_gphys_w                                     output.o
write_hphys_b                                     output.o
write_hphys_l                                     output.o
write_hphys_q                                     output.o
write_hphys_w                                     output.o
write_linearaddr_b                                output.o
write_linearaddr_l                                output.o
write_linearaddr_ok_b                             output.o
write_linearaddr_ok_l                             output.o
write_linearaddr_ok_w                             output.o
write_linearaddr_q                                output.o
write_linearaddr_tss                              output.o
write_linearaddr_w                                output.o
x509_name_ff                                      output.o
zero_page_pool                                    output.o
